Jul 20 11:25:20 localhost kernel: Linux version 5.14.0-362.8.1.el9_3.x86_64 (mockbuild@x86-vm-07.build.eng.bos.redhat.com) (gcc (GCC) 11.4.1 20230605 (Red Hat 11.4.1-2), GNU ld version 2.35.2-42.el9) #1 SMP PREEMPT_DYNAMIC Tue Oct 3 11:12:36 EDT 2023
Jul 20 11:25:20 localhost kernel: The list of certified hardware and cloud instances for Red Hat Enterprise Linux 9 can be viewed at the Red Hat Ecosystem Catalog, https://catalog.redhat.com.
Jul 20 11:25:20 localhost kernel: Command line: BOOT_IMAGE=vmlinuz initrd=initrd.img inst.stage2=hd:LABEL=RHEL-9-3-0-BaseOS-x86_64 rd.live.check quiet
Jul 20 11:25:20 localhost kernel: x86/fpu: x87 FPU will use FXSAVE
Jul 20 11:25:20 localhost kernel: signal: max sigframe size: 1440
Jul 20 11:25:20 localhost kernel: BIOS-provided physical RAM map:
Jul 20 11:25:20 localhost kernel: BIOS-e820: [mem 0x0000000000000000-0x000000000009fbff] usable
Jul 20 11:25:20 localhost kernel: BIOS-e820: [mem 0x000000000009fc00-0x000000000009ffff] reserved
Jul 20 11:25:20 localhost kernel: BIOS-e820: [mem 0x00000000000f0000-0x00000000000fffff] reserved
Jul 20 11:25:20 localhost kernel: BIOS-e820: [mem 0x0000000000100000-0x00000000bffd9fff] usable
Jul 20 11:25:20 localhost kernel: BIOS-e820: [mem 0x00000000bffda000-0x00000000bfffffff] reserved
Jul 20 11:25:20 localhost kernel: BIOS-e820: [mem 0x00000000feffc000-0x00000000feffffff] reserved
Jul 20 11:25:20 localhost kernel: BIOS-e820: [mem 0x00000000fffc0000-0x00000000ffffffff] reserved
Jul 20 11:25:20 localhost kernel: BIOS-e820: [mem 0x0000000100000000-0x0000000236ffffff] usable
Jul 20 11:25:20 localhost kernel: NX (Execute Disable) protection: active
Jul 20 11:25:20 localhost kernel: SMBIOS 2.8 present.
Jul 20 11:25:20 localhost kernel: DMI: QEMU Standard PC (i440FX + PIIX, 1996), BIOS rel-1.17.0-0-gb52ca86e094d-prebuilt.qemu.org 04/01/2014
Jul 20 11:25:20 localhost kernel: Hypervisor detected: KVM
Jul 20 11:25:20 localhost kernel: kvm-clock: Using msrs 4b564d01 and 4b564d00
Jul 20 11:25:20 localhost kernel: kvm-clock: using sched offset of 85422648238 cycles
Jul 20 11:25:20 localhost kernel: clocksource: kvm-clock: mask: 0xffffffffffffffff max_cycles: 0x1cd42e4dffb, max_idle_ns: 881590591483 ns
Jul 20 11:25:20 localhost kernel: tsc: Detected 2260.998 MHz processor
Jul 20 11:25:20 localhost kernel: e820: update [mem 0x00000000-0x00000fff] usable ==> reserved
Jul 20 11:25:20 localhost kernel: e820: remove [mem 0x000a0000-0x000fffff] usable
Jul 20 11:25:20 localhost kernel: last_pfn = 0x237000 max_arch_pfn = 0x400000000
Jul 20 11:25:20 localhost kernel: x86/PAT: Configuration [0-7]: WB  WC  UC- UC  WB  WP  UC- WT  
Jul 20 11:25:20 localhost kernel: last_pfn = 0xbffda max_arch_pfn = 0x400000000
Jul 20 11:25:20 localhost kernel: found SMP MP-table at [mem 0x000f5490-0x000f549f]
Jul 20 11:25:20 localhost kernel: RAMDISK: [mem 0x79e53000-0x7fffffff]
Jul 20 11:25:20 localhost kernel: ACPI: Early table checksum verification disabled
Jul 20 11:25:20 localhost kernel: ACPI: RSDP 0x00000000000F5290 000014 (v00 BOCHS )
Jul 20 11:25:20 localhost kernel: ACPI: RSDT 0x00000000BFFE3B59 000034 (v01 BOCHS  BXPC     00000001 BXPC 00000001)
Jul 20 11:25:20 localhost kernel: ACPI: FACP 0x00000000BFFE3973 000074 (v01 BOCHS  BXPC     00000001 BXPC 00000001)
Jul 20 11:25:20 localhost kernel: ACPI: DSDT 0x00000000BFFDF040 004933 (v01 BOCHS  BXPC     00000001 BXPC 00000001)
Jul 20 11:25:20 localhost kernel: ACPI: FACS 0x00000000BFFDF000 000040
Jul 20 11:25:20 localhost kernel: ACPI: APIC 0x00000000BFFE39E7 000080 (v03 BOCHS  BXPC     00000001 BXPC 00000001)
Jul 20 11:25:20 localhost kernel: ACPI: SSDT 0x00000000BFFE3A67 0000CA (v01 BOCHS  VMGENID  00000001 BXPC 00000001)
Jul 20 11:25:20 localhost kernel: ACPI: WAET 0x00000000BFFE3B31 000028 (v01 BOCHS  BXPC     00000001 BXPC 00000001)
Jul 20 11:25:20 localhost kernel: ACPI: Reserving FACP table memory at [mem 0xbffe3973-0xbffe39e6]
Jul 20 11:25:20 localhost kernel: ACPI: Reserving DSDT table memory at [mem 0xbffdf040-0xbffe3972]
Jul 20 11:25:20 localhost kernel: ACPI: Reserving FACS table memory at [mem 0xbffdf000-0xbffdf03f]
Jul 20 11:25:20 localhost kernel: ACPI: Reserving APIC table memory at [mem 0xbffe39e7-0xbffe3a66]
Jul 20 11:25:20 localhost kernel: ACPI: Reserving SSDT table memory at [mem 0xbffe3a67-0xbffe3b30]
Jul 20 11:25:20 localhost kernel: ACPI: Reserving WAET table memory at [mem 0xbffe3b31-0xbffe3b58]
Jul 20 11:25:20 localhost kernel: No NUMA configuration found
Jul 20 11:25:20 localhost kernel: Faking a node at [mem 0x0000000000000000-0x0000000236ffffff]
Jul 20 11:25:20 localhost kernel: NODE_DATA(0) allocated [mem 0x236fd1000-0x236ffbfff]
Jul 20 11:25:20 localhost kernel: Zone ranges:
Jul 20 11:25:20 localhost kernel:   DMA      [mem 0x0000000000001000-0x0000000000ffffff]
Jul 20 11:25:20 localhost kernel:   DMA32    [mem 0x0000000001000000-0x00000000ffffffff]
Jul 20 11:25:20 localhost kernel:   Normal   [mem 0x0000000100000000-0x0000000236ffffff]
Jul 20 11:25:20 localhost kernel:   Device   empty
Jul 20 11:25:20 localhost kernel: Movable zone start for each node
Jul 20 11:25:20 localhost kernel: Early memory node ranges
Jul 20 11:25:20 localhost kernel:   node   0: [mem 0x0000000000001000-0x000000000009efff]
Jul 20 11:25:20 localhost kernel:   node   0: [mem 0x0000000000100000-0x00000000bffd9fff]
Jul 20 11:25:20 localhost kernel:   node   0: [mem 0x0000000100000000-0x0000000236ffffff]
Jul 20 11:25:20 localhost kernel: Initmem setup node 0 [mem 0x0000000000001000-0x0000000236ffffff]
Jul 20 11:25:20 localhost kernel: On node 0, zone DMA: 1 pages in unavailable ranges
Jul 20 11:25:20 localhost kernel: On node 0, zone DMA: 97 pages in unavailable ranges
Jul 20 11:25:20 localhost kernel: On node 0, zone Normal: 38 pages in unavailable ranges
Jul 20 11:25:20 localhost kernel: On node 0, zone Normal: 4096 pages in unavailable ranges
Jul 20 11:25:20 localhost kernel: ACPI: PM-Timer IO Port: 0x608
Jul 20 11:25:20 localhost kernel: ACPI: LAPIC_NMI (acpi_id[0xff] dfl dfl lint[0x1])
Jul 20 11:25:20 localhost kernel: IOAPIC[0]: apic_id 0, version 17, address 0xfec00000, GSI 0-23
Jul 20 11:25:20 localhost kernel: ACPI: INT_SRC_OVR (bus 0 bus_irq 0 global_irq 2 dfl dfl)
Jul 20 11:25:20 localhost kernel: ACPI: INT_SRC_OVR (bus 0 bus_irq 5 global_irq 5 high level)
Jul 20 11:25:20 localhost kernel: ACPI: INT_SRC_OVR (bus 0 bus_irq 9 global_irq 9 high level)
Jul 20 11:25:20 localhost kernel: ACPI: INT_SRC_OVR (bus 0 bus_irq 10 global_irq 10 high level)
Jul 20 11:25:20 localhost kernel: ACPI: INT_SRC_OVR (bus 0 bus_irq 11 global_irq 11 high level)
Jul 20 11:25:20 localhost kernel: ACPI: Using ACPI (MADT) for SMP configuration information
Jul 20 11:25:20 localhost kernel: smpboot: Allowing 2 CPUs, 0 hotplug CPUs
Jul 20 11:25:20 localhost kernel: PM: hibernation: Registered nosave memory: [mem 0x00000000-0x00000fff]
Jul 20 11:25:20 localhost kernel: PM: hibernation: Registered nosave memory: [mem 0x0009f000-0x0009ffff]
Jul 20 11:25:20 localhost kernel: PM: hibernation: Registered nosave memory: [mem 0x000a0000-0x000effff]
Jul 20 11:25:20 localhost kernel: PM: hibernation: Registered nosave memory: [mem 0x000f0000-0x000fffff]
Jul 20 11:25:20 localhost kernel: PM: hibernation: Registered nosave memory: [mem 0xbffda000-0xbfffffff]
Jul 20 11:25:20 localhost kernel: PM: hibernation: Registered nosave memory: [mem 0xc0000000-0xfeffbfff]
Jul 20 11:25:20 localhost kernel: PM: hibernation: Registered nosave memory: [mem 0xfeffc000-0xfeffffff]
Jul 20 11:25:20 localhost kernel: PM: hibernation: Registered nosave memory: [mem 0xff000000-0xfffbffff]
Jul 20 11:25:20 localhost kernel: PM: hibernation: Registered nosave memory: [mem 0xfffc0000-0xffffffff]
Jul 20 11:25:20 localhost kernel: [mem 0xc0000000-0xfeffbfff] available for PCI devices
Jul 20 11:25:20 localhost kernel: Booting paravirtualized kernel on KVM
Jul 20 11:25:20 localhost kernel: clocksource: refined-jiffies: mask: 0xffffffff max_cycles: 0xffffffff, max_idle_ns: 1910969940391419 ns
Jul 20 11:25:20 localhost kernel: setup_percpu: NR_CPUS:8192 nr_cpumask_bits:2 nr_cpu_ids:2 nr_node_ids:1
Jul 20 11:25:20 localhost kernel: percpu: Embedded 62 pages/cpu s217088 r8192 d28672 u1048576
Jul 20 11:25:20 localhost kernel: pcpu-alloc: s217088 r8192 d28672 u1048576 alloc=1*2097152
Jul 20 11:25:20 localhost kernel: pcpu-alloc: [0] 0 1 
Jul 20 11:25:20 localhost kernel: kvm-guest: PV spinlocks enabled
Jul 20 11:25:20 localhost kernel: PV qspinlock hash table entries: 256 (order: 0, 4096 bytes, linear)
Jul 20 11:25:20 localhost kernel: Fallback order for Node 0: 0 
Jul 20 11:25:20 localhost kernel: Built 1 zonelists, mobility grouping on.  Total pages: 2027802
Jul 20 11:25:20 localhost kernel: Policy zone: Normal
Jul 20 11:25:20 localhost kernel: Kernel command line: BOOT_IMAGE=vmlinuz initrd=initrd.img inst.stage2=hd:LABEL=RHEL-9-3-0-BaseOS-x86_64 rd.live.check quiet
Jul 20 11:25:20 localhost kernel: Unknown kernel command line parameters "BOOT_IMAGE=vmlinuz", will be passed to user space.
Jul 20 11:25:20 localhost kernel: Dentry cache hash table entries: 1048576 (order: 11, 8388608 bytes, linear)
Jul 20 11:25:20 localhost kernel: Inode-cache hash table entries: 524288 (order: 10, 4194304 bytes, linear)
Jul 20 11:25:20 localhost kernel: mem auto-init: stack:off, heap alloc:off, heap free:off
Jul 20 11:25:20 localhost kernel: software IO TLB: area num 2.
Jul 20 11:25:20 localhost kernel: Memory: 3109808K/8240608K available (16384K kernel code, 5596K rwdata, 11440K rodata, 3824K init, 18424K bss, 372588K reserved, 0K cma-reserved)
Jul 20 11:25:20 localhost kernel: random: get_random_u64 called from kmem_cache_open+0x1e/0x310 with crng_init=0
Jul 20 11:25:20 localhost kernel: SLUB: HWalign=64, Order=0-3, MinObjects=0, CPUs=2, Nodes=1
Jul 20 11:25:20 localhost kernel: Kernel/User page tables isolation: enabled
Jul 20 11:25:20 localhost kernel: ftrace: allocating 46193 entries in 181 pages
Jul 20 11:25:20 localhost kernel: ftrace: allocated 181 pages with 5 groups
Jul 20 11:25:20 localhost kernel: Dynamic Preempt: voluntary
Jul 20 11:25:20 localhost kernel: rcu: Preemptible hierarchical RCU implementation.
Jul 20 11:25:20 localhost kernel: rcu:         RCU restricting CPUs from NR_CPUS=8192 to nr_cpu_ids=2.
Jul 20 11:25:20 localhost kernel:         Trampoline variant of Tasks RCU enabled.
Jul 20 11:25:20 localhost kernel:         Rude variant of Tasks RCU enabled.
Jul 20 11:25:20 localhost kernel:         Tracing variant of Tasks RCU enabled.
Jul 20 11:25:20 localhost kernel: rcu: RCU calculated value of scheduler-enlistment delay is 100 jiffies.
Jul 20 11:25:20 localhost kernel: rcu: Adjusting geometry for rcu_fanout_leaf=16, nr_cpu_ids=2
Jul 20 11:25:20 localhost kernel: NR_IRQS: 524544, nr_irqs: 440, preallocated irqs: 16
Jul 20 11:25:20 localhost kernel: rcu: srcu_init: Setting srcu_struct sizes based on contention.
Jul 20 11:25:20 localhost kernel: kfence: initialized - using 2097152 bytes for 255 objects at 0x(____ptrval____)-0x(____ptrval____)
Jul 20 11:25:20 localhost kernel: Console: colour VGA+ 80x25
Jul 20 11:25:20 localhost kernel: printk: console [tty0] enabled
Jul 20 11:25:20 localhost kernel: ACPI: Core revision 20221020
Jul 20 11:25:20 localhost kernel: APIC: Switch to symmetric I/O mode setup
Jul 20 11:25:20 localhost kernel: x2apic enabled
Jul 20 11:25:20 localhost kernel: Switched APIC routing to physical x2apic.
Jul 20 11:25:20 localhost kernel: ..TIMER: vector=0x30 apic1=0 pin1=2 apic2=-1 pin2=-1
Jul 20 11:25:20 localhost kernel: clocksource: tsc-early: mask: 0xffffffffffffffff max_cycles: 0x20974986637, max_idle_ns: 440795286310 ns
Jul 20 11:25:20 localhost kernel: Calibrating delay loop (skipped) preset value.. 4521.99 BogoMIPS (lpj=2260998)
Jul 20 11:25:20 localhost kernel: pid_max: default: 32768 minimum: 301
Jul 20 11:25:20 localhost kernel: LSM: initializing lsm=lockdown,capability,yama,integrity,selinux,bpf
Jul 20 11:25:20 localhost kernel: Yama: becoming mindful.
Jul 20 11:25:20 localhost kernel: SELinux:  Initializing.
Jul 20 11:25:20 localhost kernel: LSM support for eBPF active
Jul 20 11:25:20 localhost kernel: Mount-cache hash table entries: 16384 (order: 5, 131072 bytes, linear)
Jul 20 11:25:20 localhost kernel: Mountpoint-cache hash table entries: 16384 (order: 5, 131072 bytes, linear)
Jul 20 11:25:20 localhost kernel: Last level iTLB entries: 4KB 0, 2MB 0, 4MB 0
Jul 20 11:25:20 localhost kernel: Last level dTLB entries: 4KB 0, 2MB 0, 4MB 0, 1GB 0
Jul 20 11:25:20 localhost kernel: Spectre V1 : Mitigation: usercopy/swapgs barriers and __user pointer sanitization
Jul 20 11:25:20 localhost kernel: Spectre V2 : Mitigation: Retpolines
Jul 20 11:25:20 localhost kernel: Spectre V2 : Spectre v2 / SpectreRSB mitigation: Filling RSB on context switch
Jul 20 11:25:20 localhost kernel: Spectre V2 : Spectre v2 / SpectreRSB : Filling RSB on VMEXIT
Jul 20 11:25:20 localhost kernel: Speculative Store Bypass: Vulnerable
Jul 20 11:25:20 localhost kernel: MDS: Vulnerable: Clear CPU buffers attempted, no microcode
Jul 20 11:25:20 localhost kernel: MMIO Stale Data: Unknown: No mitigations
Jul 20 11:25:20 localhost kernel: Freeing SMP alternatives memory: 36K
Jul 20 11:25:20 localhost kernel: smpboot: CPU0: Intel QEMU Virtual CPU version 2.5+ (family: 0xf, model: 0x6b, stepping: 0x1)
Jul 20 11:25:20 localhost kernel: cblist_init_generic: Setting adjustable number of callback queues.
Jul 20 11:25:20 localhost kernel: cblist_init_generic: Setting shift to 1 and lim to 1.
Jul 20 11:25:20 localhost kernel: cblist_init_generic: Setting shift to 1 and lim to 1.
Jul 20 11:25:20 localhost kernel: cblist_init_generic: Setting shift to 1 and lim to 1.
Jul 20 11:25:20 localhost kernel: Performance Events: unsupported Netburst CPU model 107 no PMU driver, software events only.
Jul 20 11:25:20 localhost kernel: rcu: Hierarchical SRCU implementation.
Jul 20 11:25:20 localhost kernel: rcu:         Max phase no-delay instances is 400.
Jul 20 11:25:20 localhost kernel: printk: console [tty0] printing thread started
Jul 20 11:25:20 localhost kernel: NMI watchdog: Perf NMI watchdog permanently disabled
Jul 20 11:25:20 localhost kernel: smp: Bringing up secondary CPUs ...
Jul 20 11:25:20 localhost kernel: x86: Booting SMP configuration:
Jul 20 11:25:20 localhost kernel: .... node  #0, CPUs:      #1
Jul 20 11:25:20 localhost kernel: smp: Brought up 1 node, 2 CPUs
Jul 20 11:25:20 localhost kernel: smpboot: Max logical packages: 1
Jul 20 11:25:20 localhost kernel: smpboot: Total of 2 processors activated (9043.99 BogoMIPS)
Jul 20 11:25:20 localhost kernel: node 0 deferred pages initialised in 22ms
Jul 20 11:25:20 localhost kernel: devtmpfs: initialized
Jul 20 11:25:20 localhost kernel: x86/mm: Memory block size: 128MB
Jul 20 11:25:20 localhost kernel: clocksource: jiffies: mask: 0xffffffff max_cycles: 0xffffffff, max_idle_ns: 1911260446275000 ns
Jul 20 11:25:20 localhost kernel: futex hash table entries: 512 (order: 3, 32768 bytes, linear)
Jul 20 11:25:20 localhost kernel: pinctrl core: initialized pinctrl subsystem
Jul 20 11:25:20 localhost kernel: NET: Registered PF_NETLINK/PF_ROUTE protocol family
Jul 20 11:25:20 localhost kernel: DMA: preallocated 1024 KiB GFP_KERNEL pool for atomic allocations
Jul 20 11:25:20 localhost kernel: DMA: preallocated 1024 KiB GFP_KERNEL|GFP_DMA pool for atomic allocations
Jul 20 11:25:20 localhost kernel: DMA: preallocated 1024 KiB GFP_KERNEL|GFP_DMA32 pool for atomic allocations
Jul 20 11:25:20 localhost kernel: audit: initializing netlink subsys (disabled)
Jul 20 11:25:20 localhost kernel: audit: type=2000 audit(1784546713.206:1): state=initialized audit_enabled=0 res=1
Jul 20 11:25:20 localhost kernel: thermal_sys: Registered thermal governor 'fair_share'
Jul 20 11:25:20 localhost kernel: thermal_sys: Registered thermal governor 'step_wise'
Jul 20 11:25:20 localhost kernel: thermal_sys: Registered thermal governor 'user_space'
Jul 20 11:25:20 localhost kernel: cpuidle: using governor menu
Jul 20 11:25:20 localhost kernel: acpiphp: ACPI Hot Plug PCI Controller Driver version: 0.5
Jul 20 11:25:20 localhost kernel: PCI: Using configuration type 1 for base access
Jul 20 11:25:20 localhost kernel: kprobes: kprobe jump-optimization is enabled. All kprobes are optimized if possible.
Jul 20 11:25:20 localhost kernel: HugeTLB: registered 2.00 MiB page size, pre-allocated 0 pages
Jul 20 11:25:20 localhost kernel: HugeTLB: 28 KiB vmemmap can be freed for a 2.00 MiB page
Jul 20 11:25:20 localhost kernel: cryptd: max_cpu_qlen set to 1000
Jul 20 11:25:20 localhost kernel: ACPI: Added _OSI(Module Device)
Jul 20 11:25:20 localhost kernel: ACPI: Added _OSI(Processor Device)
Jul 20 11:25:20 localhost kernel: ACPI: Added _OSI(3.0 _SCP Extensions)
Jul 20 11:25:20 localhost kernel: ACPI: Added _OSI(Processor Aggregator Device)
Jul 20 11:25:20 localhost kernel: ACPI: Added _OSI(Linux-Dell-Video)
Jul 20 11:25:20 localhost kernel: ACPI: Added _OSI(Linux-Lenovo-NV-HDMI-Audio)
Jul 20 11:25:20 localhost kernel: ACPI: Added _OSI(Linux-HPI-Hybrid-Graphics)
Jul 20 11:25:20 localhost kernel: ACPI: 2 ACPI AML tables successfully acquired and loaded
Jul 20 11:25:20 localhost kernel: ACPI: Interpreter enabled
Jul 20 11:25:20 localhost kernel: ACPI: PM: (supports S0 S5)
Jul 20 11:25:20 localhost kernel: ACPI: Using IOAPIC for interrupt routing
Jul 20 11:25:20 localhost kernel: PCI: Using host bridge windows from ACPI; if necessary, use "pci=nocrs" and report a bug
Jul 20 11:25:20 localhost kernel: PCI: Using E820 reservations for host bridge windows
Jul 20 11:25:20 localhost kernel: ACPI: Enabled 3 GPEs in block 00 to 0F
Jul 20 11:25:20 localhost kernel: ACPI: PCI Root Bridge [PCI0] (domain 0000 [bus 00-ff])
Jul 20 11:25:20 localhost kernel: acpi PNP0A03:00: _OSC: OS supports [ASPM ClockPM Segments MSI EDR HPX-Type3]
Jul 20 11:25:20 localhost kernel: acpi PNP0A03:00: _OSC: not requesting OS control; OS requires [ExtendedConfig ASPM ClockPM MSI]
Jul 20 11:25:20 localhost kernel: acpi PNP0A03:00: fail to add MMCONFIG information, can't access extended configuration space under this bridge
Jul 20 11:25:20 localhost kernel: acpiphp: Slot [3] registered
Jul 20 11:25:20 localhost kernel: acpiphp: Slot [18] registered
Jul 20 11:25:20 localhost kernel: acpiphp: Slot [4] registered
Jul 20 11:25:20 localhost kernel: acpiphp: Slot [6] registered
Jul 20 11:25:20 localhost kernel: acpiphp: Slot [7] registered
Jul 20 11:25:20 localhost kernel: acpiphp: Slot [8] registered
Jul 20 11:25:20 localhost kernel: acpiphp: Slot [9] registered
Jul 20 11:25:20 localhost kernel: acpiphp: Slot [10] registered
Jul 20 11:25:20 localhost kernel: acpiphp: Slot [11] registered
Jul 20 11:25:20 localhost kernel: acpiphp: Slot [12] registered
Jul 20 11:25:20 localhost kernel: acpiphp: Slot [13] registered
Jul 20 11:25:20 localhost kernel: acpiphp: Slot [14] registered
Jul 20 11:25:20 localhost kernel: acpiphp: Slot [15] registered
Jul 20 11:25:20 localhost kernel: acpiphp: Slot [16] registered
Jul 20 11:25:20 localhost kernel: acpiphp: Slot [17] registered
Jul 20 11:25:20 localhost kernel: acpiphp: Slot [19] registered
Jul 20 11:25:20 localhost kernel: acpiphp: Slot [20] registered
Jul 20 11:25:20 localhost kernel: acpiphp: Slot [21] registered
Jul 20 11:25:20 localhost kernel: acpiphp: Slot [22] registered
Jul 20 11:25:20 localhost kernel: acpiphp: Slot [23] registered
Jul 20 11:25:20 localhost kernel: acpiphp: Slot [24] registered
Jul 20 11:25:20 localhost kernel: acpiphp: Slot [25] registered
Jul 20 11:25:20 localhost kernel: acpiphp: Slot [26] registered
Jul 20 11:25:20 localhost kernel: acpiphp: Slot [27] registered
Jul 20 11:25:20 localhost kernel: acpiphp: Slot [28] registered
Jul 20 11:25:20 localhost kernel: acpiphp: Slot [29] registered
Jul 20 11:25:20 localhost kernel: PCI host bridge to bus 0000:00
Jul 20 11:25:20 localhost kernel: pci_bus 0000:00: root bus resource [io  0x0000-0x0cf7 window]
Jul 20 11:25:20 localhost kernel: pci_bus 0000:00: root bus resource [io  0x0d00-0xffff window]
Jul 20 11:25:20 localhost kernel: pci_bus 0000:00: root bus resource [mem 0x000a0000-0x000bffff window]
Jul 20 11:25:20 localhost kernel: pci_bus 0000:00: root bus resource [mem 0xc0000000-0xfebfffff window]
Jul 20 11:25:20 localhost kernel: pci_bus 0000:00: root bus resource [mem 0x240000000-0x2bfffffff window]
Jul 20 11:25:20 localhost kernel: pci_bus 0000:00: root bus resource [bus 00-ff]
Jul 20 11:25:20 localhost kernel: pci 0000:00:00.0: [8086:1237] type 00 class 0x060000
Jul 20 11:25:20 localhost kernel: pci 0000:00:01.0: [8086:7000] type 00 class 0x060100
Jul 20 11:25:20 localhost kernel: pci 0000:00:01.1: [8086:7010] type 00 class 0x010180
Jul 20 11:25:20 localhost kernel: pci 0000:00:01.1: reg 0x20: [io  0xf0a0-0xf0af]
Jul 20 11:25:20 localhost kernel: pci 0000:00:01.1: legacy IDE quirk: reg 0x10: [io  0x01f0-0x01f7]
Jul 20 11:25:20 localhost kernel: pci 0000:00:01.1: legacy IDE quirk: reg 0x14: [io  0x03f6]
Jul 20 11:25:20 localhost kernel: pci 0000:00:01.1: legacy IDE quirk: reg 0x18: [io  0x0170-0x0177]
Jul 20 11:25:20 localhost kernel: pci 0000:00:01.1: legacy IDE quirk: reg 0x1c: [io  0x0376]
Jul 20 11:25:20 localhost kernel: pci 0000:00:01.2: [8086:7020] type 00 class 0x0c0300
Jul 20 11:25:20 localhost kernel: pci 0000:00:01.2: reg 0x20: [io  0xf080-0xf09f]
Jul 20 11:25:20 localhost kernel: pci 0000:00:01.3: [8086:7113] type 00 class 0x068000
Jul 20 11:25:20 localhost kernel: pci 0000:00:01.3: quirk: [io  0x0600-0x063f] claimed by PIIX4 ACPI
Jul 20 11:25:20 localhost kernel: pci 0000:00:01.3: quirk: [io  0x0700-0x070f] claimed by PIIX4 SMB
Jul 20 11:25:20 localhost kernel: pci 0000:00:02.0: [1234:1111] type 00 class 0x030000
Jul 20 11:25:20 localhost kernel: pci 0000:00:02.0: reg 0x10: [mem 0xfd000000-0xfdffffff pref]
Jul 20 11:25:20 localhost kernel: pci 0000:00:02.0: reg 0x18: [mem 0xfea50000-0xfea50fff]
Jul 20 11:25:20 localhost kernel: pci 0000:00:02.0: reg 0x30: [mem 0xfea40000-0xfea4ffff pref]
Jul 20 11:25:20 localhost kernel: pci 0000:00:02.0: Video device with shadowed ROM at [mem 0x000c0000-0x000dffff]
Jul 20 11:25:20 localhost kernel: pci 0000:00:03.0: [1af4:1002] type 00 class 0x00ff00
Jul 20 11:25:20 localhost kernel: pci 0000:00:03.0: reg 0x10: [io  0xf000-0xf03f]
Jul 20 11:25:20 localhost kernel: pci 0000:00:03.0: reg 0x14: [mem 0xfea51000-0xfea51fff]
Jul 20 11:25:20 localhost kernel: pci 0000:00:03.0: reg 0x20: [mem 0x280600000-0x280603fff 64bit pref]
Jul 20 11:25:20 localhost kernel: pci 0000:00:05.0: [1b36:0001] type 01 class 0x060400
Jul 20 11:25:20 localhost kernel: pci 0000:00:05.0: reg 0x10: [mem 0x240000000-0x2400000ff 64bit]
Jul 20 11:25:20 localhost kernel: pci 0000:00:12.0: [1af4:1000] type 00 class 0x020000
Jul 20 11:25:20 localhost kernel: pci 0000:00:12.0: reg 0x10: [io  0xf040-0xf07f]
Jul 20 11:25:20 localhost kernel: pci 0000:00:12.0: reg 0x14: [mem 0xfea52000-0xfea52fff]
Jul 20 11:25:20 localhost kernel: pci 0000:00:12.0: reg 0x20: [mem 0x280604000-0x280607fff 64bit pref]
Jul 20 11:25:20 localhost kernel: pci 0000:00:12.0: reg 0x30: [mem 0xfea00000-0xfea3ffff pref]
Jul 20 11:25:20 localhost kernel: pci 0000:00:1e.0: [1b36:0001] type 01 class 0x060400
Jul 20 11:25:20 localhost kernel: pci 0000:00:1e.0: reg 0x10: [mem 0x240001000-0x2400010ff 64bit]
Jul 20 11:25:20 localhost kernel: pci 0000:00:1f.0: [1b36:0001] type 01 class 0x060400
Jul 20 11:25:20 localhost kernel: pci 0000:00:1f.0: reg 0x10: [mem 0x240002000-0x2400020ff 64bit]
Jul 20 11:25:20 localhost kernel: pci_bus 0000:01: extended config space not accessible
Jul 20 11:25:20 localhost kernel: acpiphp: Slot [1-2] registered
Jul 20 11:25:20 localhost kernel: acpiphp: Slot [0] registered
Jul 20 11:25:20 localhost kernel: acpiphp: Slot [2] registered
Jul 20 11:25:20 localhost kernel: acpiphp: Slot [3-2] registered
Jul 20 11:25:20 localhost kernel: acpiphp: Slot [4-2] registered
Jul 20 11:25:20 localhost kernel: acpiphp: Slot [5] registered
Jul 20 11:25:20 localhost kernel: acpiphp: Slot [6-2] registered
Jul 20 11:25:20 localhost kernel: acpiphp: Slot [7-2] registered
Jul 20 11:25:20 localhost kernel: acpiphp: Slot [8-2] registered
Jul 20 11:25:20 localhost kernel: acpiphp: Slot [9-2] registered
Jul 20 11:25:20 localhost kernel: acpiphp: Slot [10-2] registered
Jul 20 11:25:20 localhost kernel: acpiphp: Slot [11-2] registered
Jul 20 11:25:20 localhost kernel: acpiphp: Slot [12-2] registered
Jul 20 11:25:20 localhost kernel: acpiphp: Slot [13-2] registered
Jul 20 11:25:20 localhost kernel: acpiphp: Slot [14-2] registered
Jul 20 11:25:20 localhost kernel: acpiphp: Slot [15-2] registered
Jul 20 11:25:20 localhost kernel: acpiphp: Slot [16-2] registered
Jul 20 11:25:20 localhost kernel: acpiphp: Slot [17-2] registered
Jul 20 11:25:20 localhost kernel: acpiphp: Slot [18-2] registered
Jul 20 11:25:20 localhost kernel: acpiphp: Slot [19-2] registered
Jul 20 11:25:20 localhost kernel: acpiphp: Slot [20-2] registered
Jul 20 11:25:20 localhost kernel: acpiphp: Slot [21-2] registered
Jul 20 11:25:20 localhost kernel: acpiphp: Slot [22-2] registered
Jul 20 11:25:20 localhost kernel: acpiphp: Slot [23-2] registered
Jul 20 11:25:20 localhost kernel: acpiphp: Slot [24-2] registered
Jul 20 11:25:20 localhost kernel: acpiphp: Slot [25-2] registered
Jul 20 11:25:20 localhost kernel: acpiphp: Slot [26-2] registered
Jul 20 11:25:20 localhost kernel: acpiphp: Slot [27-2] registered
Jul 20 11:25:20 localhost kernel: acpiphp: Slot [28-2] registered
Jul 20 11:25:20 localhost kernel: acpiphp: Slot [29-2] registered
Jul 20 11:25:20 localhost kernel: acpiphp: Slot [30] registered
Jul 20 11:25:20 localhost kernel: acpiphp: Slot [31] registered
Jul 20 11:25:20 localhost kernel: pci 0000:01:01.0: [1af4:1004] type 00 class 0x010000
Jul 20 11:25:20 localhost kernel: pci 0000:01:01.0: reg 0x10: [io  0xe000-0xe03f]
Jul 20 11:25:20 localhost kernel: pci 0000:01:01.0: reg 0x14: [mem 0xfe800000-0xfe800fff]
Jul 20 11:25:20 localhost kernel: pci 0000:01:01.0: reg 0x20: [mem 0x280400000-0x280403fff 64bit pref]
Jul 20 11:25:20 localhost kernel: pci 0000:00:05.0: PCI bridge to [bus 01]
Jul 20 11:25:20 localhost kernel: pci 0000:00:05.0:   bridge window [io  0xe000-0xefff]
Jul 20 11:25:20 localhost kernel: pci 0000:00:05.0:   bridge window [mem 0xfe800000-0xfe9fffff]
Jul 20 11:25:20 localhost kernel: pci 0000:00:05.0:   bridge window [mem 0x280400000-0x2805fffff 64bit pref]
Jul 20 11:25:20 localhost kernel: pci_bus 0000:02: extended config space not accessible
Jul 20 11:25:20 localhost kernel: acpiphp: Slot [0-2] registered
Jul 20 11:25:20 localhost kernel: acpiphp: Slot [1-3] registered
Jul 20 11:25:20 localhost kernel: acpiphp: Slot [2-2] registered
Jul 20 11:25:20 localhost kernel: acpiphp: Slot [3-3] registered
Jul 20 11:25:20 localhost kernel: acpiphp: Slot [4-3] registered
Jul 20 11:25:20 localhost kernel: acpiphp: Slot [5-2] registered
Jul 20 11:25:20 localhost kernel: acpiphp: Slot [6-3] registered
Jul 20 11:25:20 localhost kernel: acpiphp: Slot [7-3] registered
Jul 20 11:25:20 localhost kernel: acpiphp: Slot [8-3] registered
Jul 20 11:25:20 localhost kernel: acpiphp: Slot [9-3] registered
Jul 20 11:25:20 localhost kernel: acpiphp: Slot [10-3] registered
Jul 20 11:25:20 localhost kernel: acpiphp: Slot [11-3] registered
Jul 20 11:25:20 localhost kernel: acpiphp: Slot [12-3] registered
Jul 20 11:25:20 localhost kernel: acpiphp: Slot [13-3] registered
Jul 20 11:25:20 localhost kernel: acpiphp: Slot [14-3] registered
Jul 20 11:25:20 localhost kernel: acpiphp: Slot [15-3] registered
Jul 20 11:25:20 localhost kernel: acpiphp: Slot [16-3] registered
Jul 20 11:25:20 localhost kernel: acpiphp: Slot [17-3] registered
Jul 20 11:25:20 localhost kernel: acpiphp: Slot [18-3] registered
Jul 20 11:25:20 localhost kernel: acpiphp: Slot [19-3] registered
Jul 20 11:25:20 localhost kernel: acpiphp: Slot [20-3] registered
Jul 20 11:25:20 localhost kernel: acpiphp: Slot [21-3] registered
Jul 20 11:25:20 localhost kernel: acpiphp: Slot [22-3] registered
Jul 20 11:25:20 localhost kernel: acpiphp: Slot [23-3] registered
Jul 20 11:25:20 localhost kernel: acpiphp: Slot [24-3] registered
Jul 20 11:25:20 localhost kernel: acpiphp: Slot [25-3] registered
Jul 20 11:25:20 localhost kernel: acpiphp: Slot [26-3] registered
Jul 20 11:25:20 localhost kernel: acpiphp: Slot [27-3] registered
Jul 20 11:25:20 localhost kernel: acpiphp: Slot [28-3] registered
Jul 20 11:25:20 localhost kernel: acpiphp: Slot [29-3] registered
Jul 20 11:25:20 localhost kernel: acpiphp: Slot [30-2] registered
Jul 20 11:25:20 localhost kernel: acpiphp: Slot [31-2] registered
Jul 20 11:25:20 localhost kernel: pci 0000:00:1e.0: PCI bridge to [bus 02]
Jul 20 11:25:20 localhost kernel: pci 0000:00:1e.0:   bridge window [io  0xd000-0xdfff]
Jul 20 11:25:20 localhost kernel: pci 0000:00:1e.0:   bridge window [mem 0xfe600000-0xfe7fffff]
Jul 20 11:25:20 localhost kernel: pci 0000:00:1e.0:   bridge window [mem 0x280200000-0x2803fffff 64bit pref]
Jul 20 11:25:20 localhost kernel: pci_bus 0000:03: extended config space not accessible
Jul 20 11:25:20 localhost kernel: acpiphp: Slot [0-3] registered
Jul 20 11:25:20 localhost kernel: acpiphp: Slot [1-4] registered
Jul 20 11:25:20 localhost kernel: acpiphp: Slot [2-3] registered
Jul 20 11:25:20 localhost kernel: acpiphp: Slot [3-4] registered
Jul 20 11:25:20 localhost kernel: acpiphp: Slot [4-4] registered
Jul 20 11:25:20 localhost kernel: acpiphp: Slot [5-3] registered
Jul 20 11:25:20 localhost kernel: acpiphp: Slot [6-4] registered
Jul 20 11:25:20 localhost kernel: acpiphp: Slot [7-4] registered
Jul 20 11:25:20 localhost kernel: acpiphp: Slot [8-4] registered
Jul 20 11:25:20 localhost kernel: acpiphp: Slot [9-4] registered
Jul 20 11:25:20 localhost kernel: acpiphp: Slot [10-4] registered
Jul 20 11:25:20 localhost kernel: acpiphp: Slot [11-4] registered
Jul 20 11:25:20 localhost kernel: acpiphp: Slot [12-4] registered
Jul 20 11:25:20 localhost kernel: acpiphp: Slot [13-4] registered
Jul 20 11:25:20 localhost kernel: acpiphp: Slot [14-4] registered
Jul 20 11:25:20 localhost kernel: acpiphp: Slot [15-4] registered
Jul 20 11:25:20 localhost kernel: acpiphp: Slot [16-4] registered
Jul 20 11:25:20 localhost kernel: acpiphp: Slot [17-4] registered
Jul 20 11:25:20 localhost kernel: acpiphp: Slot [18-4] registered
Jul 20 11:25:20 localhost kernel: acpiphp: Slot [19-4] registered
Jul 20 11:25:20 localhost kernel: acpiphp: Slot [20-4] registered
Jul 20 11:25:20 localhost kernel: acpiphp: Slot [21-4] registered
Jul 20 11:25:20 localhost kernel: acpiphp: Slot [22-4] registered
Jul 20 11:25:20 localhost kernel: acpiphp: Slot [23-4] registered
Jul 20 11:25:20 localhost kernel: acpiphp: Slot [24-4] registered
Jul 20 11:25:20 localhost kernel: acpiphp: Slot [25-4] registered
Jul 20 11:25:20 localhost kernel: acpiphp: Slot [26-4] registered
Jul 20 11:25:20 localhost kernel: acpiphp: Slot [27-4] registered
Jul 20 11:25:20 localhost kernel: acpiphp: Slot [28-4] registered
Jul 20 11:25:20 localhost kernel: acpiphp: Slot [29-4] registered
Jul 20 11:25:20 localhost kernel: acpiphp: Slot [30-3] registered
Jul 20 11:25:20 localhost kernel: acpiphp: Slot [31-3] registered
Jul 20 11:25:20 localhost kernel: pci 0000:00:1f.0: PCI bridge to [bus 03]
Jul 20 11:25:20 localhost kernel: pci 0000:00:1f.0:   bridge window [io  0xc000-0xcfff]
Jul 20 11:25:20 localhost kernel: pci 0000:00:1f.0:   bridge window [mem 0xfe400000-0xfe5fffff]
Jul 20 11:25:20 localhost kernel: pci 0000:00:1f.0:   bridge window [mem 0x280000000-0x2801fffff 64bit pref]
Jul 20 11:25:20 localhost kernel: ACPI: PCI: Interrupt link LNKA configured for IRQ 10
Jul 20 11:25:20 localhost kernel: ACPI: PCI: Interrupt link LNKB configured for IRQ 10
Jul 20 11:25:20 localhost kernel: ACPI: PCI: Interrupt link LNKC configured for IRQ 11
Jul 20 11:25:20 localhost kernel: ACPI: PCI: Interrupt link LNKD configured for IRQ 11
Jul 20 11:25:20 localhost kernel: ACPI: PCI: Interrupt link LNKS configured for IRQ 9
Jul 20 11:25:20 localhost kernel: iommu: Default domain type: Translated 
Jul 20 11:25:20 localhost kernel: iommu: DMA domain TLB invalidation policy: lazy mode 
Jul 20 11:25:20 localhost kernel: SCSI subsystem initialized
Jul 20 11:25:20 localhost kernel: ACPI: bus type USB registered
Jul 20 11:25:20 localhost kernel: usbcore: registered new interface driver usbfs
Jul 20 11:25:20 localhost kernel: usbcore: registered new interface driver hub
Jul 20 11:25:20 localhost kernel: usbcore: registered new device driver usb
Jul 20 11:25:20 localhost kernel: pps_core: LinuxPPS API ver. 1 registered
Jul 20 11:25:20 localhost kernel: pps_core: Software ver. 5.3.6 - Copyright 2005-2007 Rodolfo Giometti <giometti@linux.it>
Jul 20 11:25:20 localhost kernel: PTP clock support registered
Jul 20 11:25:20 localhost kernel: EDAC MC: Ver: 3.0.0
Jul 20 11:25:20 localhost kernel: NetLabel: Initializing
Jul 20 11:25:20 localhost kernel: NetLabel:  domain hash size = 128
Jul 20 11:25:20 localhost kernel: NetLabel:  protocols = UNLABELED CIPSOv4 CALIPSO
Jul 20 11:25:20 localhost kernel: NetLabel:  unlabeled traffic allowed by default
Jul 20 11:25:20 localhost kernel: PCI: Using ACPI for IRQ routing
Jul 20 11:25:20 localhost kernel: PCI: pci_cache_line_size set to 64 bytes
Jul 20 11:25:20 localhost kernel: e820: reserve RAM buffer [mem 0x0009fc00-0x0009ffff]
Jul 20 11:25:20 localhost kernel: e820: reserve RAM buffer [mem 0xbffda000-0xbfffffff]
Jul 20 11:25:20 localhost kernel: e820: reserve RAM buffer [mem 0x237000000-0x237ffffff]
Jul 20 11:25:20 localhost kernel: pci 0000:00:02.0: vgaarb: setting as boot VGA device
Jul 20 11:25:20 localhost kernel: pci 0000:00:02.0: vgaarb: bridge control possible
Jul 20 11:25:20 localhost kernel: pci 0000:00:02.0: vgaarb: VGA device added: decodes=io+mem,owns=io+mem,locks=none
Jul 20 11:25:20 localhost kernel: vgaarb: loaded
Jul 20 11:25:20 localhost kernel: clocksource: Switched to clocksource kvm-clock
Jul 20 11:25:20 localhost kernel: VFS: Disk quotas dquot_6.6.0
Jul 20 11:25:20 localhost kernel: VFS: Dquot-cache hash table entries: 512 (order 0, 4096 bytes)
Jul 20 11:25:20 localhost kernel: pnp: PnP ACPI init
Jul 20 11:25:20 localhost kernel: pnp 00:02: [dma 2]
Jul 20 11:25:20 localhost kernel: pnp: PnP ACPI: found 4 devices
Jul 20 11:25:20 localhost kernel: clocksource: acpi_pm: mask: 0xffffff max_cycles: 0xffffff, max_idle_ns: 2085701024 ns
Jul 20 11:25:20 localhost kernel: NET: Registered PF_INET protocol family
Jul 20 11:25:20 localhost kernel: IP idents hash table entries: 131072 (order: 8, 1048576 bytes, linear)
Jul 20 11:25:20 localhost kernel: tcp_listen_portaddr_hash hash table entries: 4096 (order: 4, 65536 bytes, linear)
Jul 20 11:25:20 localhost kernel: Table-perturb hash table entries: 65536 (order: 6, 262144 bytes, linear)
Jul 20 11:25:20 localhost kernel: TCP established hash table entries: 65536 (order: 7, 524288 bytes, linear)
Jul 20 11:25:20 localhost kernel: TCP bind hash table entries: 65536 (order: 8, 1048576 bytes, linear)
Jul 20 11:25:20 localhost kernel: TCP: Hash tables configured (established 65536 bind 65536)
Jul 20 11:25:20 localhost kernel: MPTCP token hash table entries: 8192 (order: 5, 196608 bytes, linear)
Jul 20 11:25:20 localhost kernel: UDP hash table entries: 4096 (order: 5, 131072 bytes, linear)
Jul 20 11:25:20 localhost kernel: UDP-Lite hash table entries: 4096 (order: 5, 131072 bytes, linear)
Jul 20 11:25:20 localhost kernel: NET: Registered PF_UNIX/PF_LOCAL protocol family
Jul 20 11:25:20 localhost kernel: NET: Registered PF_XDP protocol family
Jul 20 11:25:20 localhost kernel: pci 0000:00:05.0: PCI bridge to [bus 01]
Jul 20 11:25:20 localhost kernel: pci 0000:00:05.0:   bridge window [io  0xe000-0xefff]
Jul 20 11:25:20 localhost kernel: pci 0000:00:05.0:   bridge window [mem 0xfe800000-0xfe9fffff]
Jul 20 11:25:20 localhost kernel: pci 0000:00:05.0:   bridge window [mem 0x280400000-0x2805fffff 64bit pref]
Jul 20 11:25:20 localhost kernel: pci 0000:00:1e.0: PCI bridge to [bus 02]
Jul 20 11:25:20 localhost kernel: pci 0000:00:1e.0:   bridge window [io  0xd000-0xdfff]
Jul 20 11:25:20 localhost kernel: pci 0000:00:1e.0:   bridge window [mem 0xfe600000-0xfe7fffff]
Jul 20 11:25:20 localhost kernel: pci 0000:00:1e.0:   bridge window [mem 0x280200000-0x2803fffff 64bit pref]
Jul 20 11:25:20 localhost kernel: pci 0000:00:1f.0: PCI bridge to [bus 03]
Jul 20 11:25:20 localhost kernel: pci 0000:00:1f.0:   bridge window [io  0xc000-0xcfff]
Jul 20 11:25:20 localhost kernel: pci 0000:00:1f.0:   bridge window [mem 0xfe400000-0xfe5fffff]
Jul 20 11:25:20 localhost kernel: pci 0000:00:1f.0:   bridge window [mem 0x280000000-0x2801fffff 64bit pref]
Jul 20 11:25:20 localhost kernel: pci_bus 0000:00: resource 4 [io  0x0000-0x0cf7 window]
Jul 20 11:25:20 localhost kernel: pci_bus 0000:00: resource 5 [io  0x0d00-0xffff window]
Jul 20 11:25:20 localhost kernel: pci_bus 0000:00: resource 6 [mem 0x000a0000-0x000bffff window]
Jul 20 11:25:20 localhost kernel: pci_bus 0000:00: resource 7 [mem 0xc0000000-0xfebfffff window]
Jul 20 11:25:20 localhost kernel: pci_bus 0000:00: resource 8 [mem 0x240000000-0x2bfffffff window]
Jul 20 11:25:20 localhost kernel: pci_bus 0000:01: resource 0 [io  0xe000-0xefff]
Jul 20 11:25:20 localhost kernel: pci_bus 0000:01: resource 1 [mem 0xfe800000-0xfe9fffff]
Jul 20 11:25:20 localhost kernel: pci_bus 0000:01: resource 2 [mem 0x280400000-0x2805fffff 64bit pref]
Jul 20 11:25:20 localhost kernel: pci_bus 0000:02: resource 0 [io  0xd000-0xdfff]
Jul 20 11:25:20 localhost kernel: pci_bus 0000:02: resource 1 [mem 0xfe600000-0xfe7fffff]
Jul 20 11:25:20 localhost kernel: pci_bus 0000:02: resource 2 [mem 0x280200000-0x2803fffff 64bit pref]
Jul 20 11:25:20 localhost kernel: pci_bus 0000:03: resource 0 [io  0xc000-0xcfff]
Jul 20 11:25:20 localhost kernel: pci_bus 0000:03: resource 1 [mem 0xfe400000-0xfe5fffff]
Jul 20 11:25:20 localhost kernel: pci_bus 0000:03: resource 2 [mem 0x280000000-0x2801fffff 64bit pref]
Jul 20 11:25:20 localhost kernel: pci 0000:00:01.0: PIIX3: Enabling Passive Release
Jul 20 11:25:20 localhost kernel: pci 0000:00:00.0: Limiting direct PCI/PCI transfers
Jul 20 11:25:20 localhost kernel: ACPI: \_SB_.LNKD: Enabled at IRQ 11
Jul 20 11:25:20 localhost kernel: PCI: CLS 0 bytes, default 64
Jul 20 11:25:20 localhost kernel: PCI-DMA: Using software bounce buffering for IO (SWIOTLB)
Jul 20 11:25:20 localhost kernel: software IO TLB: mapped [mem 0x00000000bbfda000-0x00000000bffda000] (64MB)
Jul 20 11:25:20 localhost kernel: ACPI: bus type thunderbolt registered
Jul 20 11:25:20 localhost kernel: clocksource: tsc: mask: 0xffffffffffffffff max_cycles: 0x20974986637, max_idle_ns: 440795286310 ns
Jul 20 11:25:20 localhost kernel: Trying to unpack rootfs image as initramfs...
Jul 20 11:25:20 localhost kernel: Initialise system trusted keyrings
Jul 20 11:25:20 localhost kernel: Key type blacklist registered
Jul 20 11:25:20 localhost kernel: workingset: timestamp_bits=36 max_order=21 bucket_order=0
Jul 20 11:25:20 localhost kernel: zbud: loaded
Jul 20 11:25:20 localhost kernel: integrity: Platform Keyring initialized
Jul 20 11:25:20 localhost kernel: integrity: Machine keyring initialized
Jul 20 11:25:20 localhost kernel: NET: Registered PF_ALG protocol family
Jul 20 11:25:20 localhost kernel: xor: measuring software checksum speed
Jul 20 11:25:20 localhost kernel:    prefetch64-sse  :  9828 MB/sec
Jul 20 11:25:20 localhost kernel:    generic_sse     :  7990 MB/sec
Jul 20 11:25:20 localhost kernel: xor: using function: prefetch64-sse (9828 MB/sec)
Jul 20 11:25:20 localhost kernel: Key type asymmetric registered
Jul 20 11:25:20 localhost kernel: Asymmetric key parser 'x509' registered
Jul 20 11:25:20 localhost kernel: Running certificate verification selftests
Jul 20 11:25:20 localhost kernel: Loaded X.509 cert 'Certificate verification self-testing key: f58703bb33ce1b73ee02eccdee5b8817518fe3db'
Jul 20 11:25:20 localhost kernel: Block layer SCSI generic (bsg) driver version 0.4 loaded (major 246)
Jul 20 11:25:20 localhost kernel: io scheduler mq-deadline registered
Jul 20 11:25:20 localhost kernel: io scheduler kyber registered
Jul 20 11:25:20 localhost kernel: io scheduler bfq registered
Jul 20 11:25:20 localhost kernel: atomic64_test: passed for x86-64 platform with CX8 and with SSE
Jul 20 11:25:20 localhost kernel: shpchp 0000:00:05.0: Requesting control of SHPC hotplug via OSHP (\_SB_.PCI0.S28_)
Jul 20 11:25:20 localhost kernel: shpchp 0000:00:05.0: Requesting control of SHPC hotplug via OSHP (\_SB_.PCI0)
Jul 20 11:25:20 localhost kernel: shpchp 0000:00:05.0: Cannot get control of SHPC hotplug
Jul 20 11:25:20 localhost kernel: shpchp 0000:00:1e.0: Requesting control of SHPC hotplug via OSHP (\_SB_.PCI0.SF0_)
Jul 20 11:25:20 localhost kernel: shpchp 0000:00:1e.0: Requesting control of SHPC hotplug via OSHP (\_SB_.PCI0)
Jul 20 11:25:20 localhost kernel: shpchp 0000:00:1e.0: Cannot get control of SHPC hotplug
Jul 20 11:25:20 localhost kernel: shpchp 0000:00:1f.0: Requesting control of SHPC hotplug via OSHP (\_SB_.PCI0.SF8_)
Jul 20 11:25:20 localhost kernel: shpchp 0000:00:1f.0: Requesting control of SHPC hotplug via OSHP (\_SB_.PCI0)
Jul 20 11:25:20 localhost kernel: shpchp 0000:00:1f.0: Cannot get control of SHPC hotplug
Jul 20 11:25:20 localhost kernel: shpchp: Standard Hot Plug PCI Controller Driver version: 0.4
Jul 20 11:25:20 localhost kernel: input: Power Button as /devices/LNXSYSTM:00/LNXPWRBN:00/input/input0
Jul 20 11:25:20 localhost kernel: ACPI: button: Power Button [PWRF]
Jul 20 11:25:20 localhost kernel: ACPI: \_SB_.LNKC: Enabled at IRQ 10
Jul 20 11:25:20 localhost kernel: ACPI: \_SB_.LNKB: Enabled at IRQ 10
Jul 20 11:25:20 localhost kernel: ACPI: \_SB_.LNKA: Enabled at IRQ 11
Jul 20 11:25:20 localhost kernel: Serial: 8250/16550 driver, 4 ports, IRQ sharing enabled
Jul 20 11:25:20 localhost kernel: Non-volatile memory driver v1.3
Jul 20 11:25:20 localhost kernel: rdac: device handler registered
Jul 20 11:25:20 localhost kernel: hp_sw: device handler registered
Jul 20 11:25:20 localhost kernel: emc: device handler registered
Jul 20 11:25:20 localhost kernel: alua: device handler registered
Jul 20 11:25:20 localhost kernel: libphy: Fixed MDIO Bus: probed
Jul 20 11:25:20 localhost kernel: uhci_hcd 0000:00:01.2: UHCI Host Controller
Jul 20 11:25:20 localhost kernel: uhci_hcd 0000:00:01.2: new USB bus registered, assigned bus number 1
Jul 20 11:25:20 localhost kernel: uhci_hcd 0000:00:01.2: detected 2 ports
Jul 20 11:25:20 localhost kernel: uhci_hcd 0000:00:01.2: irq 11, io port 0x0000f080
Jul 20 11:25:20 localhost kernel: usb usb1: New USB device found, idVendor=1d6b, idProduct=0001, bcdDevice= 5.14
Jul 20 11:25:20 localhost kernel: usb usb1: New USB device strings: Mfr=3, Product=2, SerialNumber=1
Jul 20 11:25:20 localhost kernel: usb usb1: Product: UHCI Host Controller
Jul 20 11:25:20 localhost kernel: usb usb1: Manufacturer: Linux 5.14.0-362.8.1.el9_3.x86_64 uhci_hcd
Jul 20 11:25:20 localhost kernel: usb usb1: SerialNumber: 0000:00:01.2
Jul 20 11:25:20 localhost kernel: hub 1-0:1.0: USB hub found
Jul 20 11:25:20 localhost kernel: hub 1-0:1.0: 2 ports detected
Jul 20 11:25:20 localhost kernel: usbcore: registered new interface driver usbserial_generic
Jul 20 11:25:20 localhost kernel: usbserial: USB Serial support registered for generic
Jul 20 11:25:20 localhost kernel: i8042: PNP: PS/2 Controller [PNP0303:KBD,PNP0f13:MOU] at 0x60,0x64 irq 1,12
Jul 20 11:25:20 localhost kernel: serio: i8042 KBD port at 0x60,0x64 irq 1
Jul 20 11:25:20 localhost kernel: serio: i8042 AUX port at 0x60,0x64 irq 12
Jul 20 11:25:20 localhost kernel: mousedev: PS/2 mouse device common for all mice
Jul 20 11:25:20 localhost kernel: rtc_cmos 00:03: RTC can wake from S4
Jul 20 11:25:20 localhost kernel: input: AT Translated Set 2 keyboard as /devices/platform/i8042/serio0/input/input1
Jul 20 11:25:20 localhost kernel: input: VirtualPS/2 VMware VMMouse as /devices/platform/i8042/serio1/input/input4
Jul 20 11:25:20 localhost kernel: input: VirtualPS/2 VMware VMMouse as /devices/platform/i8042/serio1/input/input3
Jul 20 11:25:20 localhost kernel: rtc_cmos 00:03: registered as rtc0
Jul 20 11:25:20 localhost kernel: rtc_cmos 00:03: setting system clock to 2026-07-20T11:25:13 UTC (1784546713)
Jul 20 11:25:20 localhost kernel: rtc_cmos 00:03: alarms up to one day, y3k, 242 bytes nvram
Jul 20 11:25:20 localhost kernel: intel_pstate: CPU model not supported
Jul 20 11:25:20 localhost kernel: hid: raw HID events driver (C) Jiri Kosina
Jul 20 11:25:20 localhost kernel: usbcore: registered new interface driver usbhid
Jul 20 11:25:20 localhost kernel: usbhid: USB HID core driver
Jul 20 11:25:20 localhost kernel: drop_monitor: Initializing network drop monitor service
Jul 20 11:25:20 localhost kernel: Initializing XFRM netlink socket
Jul 20 11:25:20 localhost kernel: NET: Registered PF_INET6 protocol family
Jul 20 11:25:20 localhost kernel: usb 1-1: new full-speed USB device number 2 using uhci_hcd
Jul 20 11:25:20 localhost kernel: usb 1-1: New USB device found, idVendor=0627, idProduct=0001, bcdDevice= 0.00
Jul 20 11:25:20 localhost kernel: usb 1-1: New USB device strings: Mfr=1, Product=3, SerialNumber=10
Jul 20 11:25:20 localhost kernel: usb 1-1: Product: QEMU USB Tablet
Jul 20 11:25:20 localhost kernel: usb 1-1: Manufacturer: QEMU
Jul 20 11:25:20 localhost kernel: usb 1-1: SerialNumber: 28754-0000:00:01.2-1
Jul 20 11:25:20 localhost kernel: input: QEMU QEMU USB Tablet as /devices/pci0000:00/0000:00:01.2/usb1/1-1/1-1:1.0/0003:0627:0001.0001/input/input5
Jul 20 11:25:20 localhost kernel: hid-generic 0003:0627:0001.0001: input,hidraw0: USB HID v0.01 Mouse [QEMU QEMU USB Tablet] on usb-0000:00:01.2-1/input0
Jul 20 11:25:20 localhost kernel: Freeing initrd memory: 100020K
Jul 20 11:25:20 localhost kernel: Segment Routing with IPv6
Jul 20 11:25:20 localhost kernel: NET: Registered PF_PACKET protocol family
Jul 20 11:25:20 localhost kernel: mpls_gso: MPLS GSO support
Jul 20 11:25:20 localhost kernel: IPI shorthand broadcast: enabled
Jul 20 11:25:20 localhost kernel: SSE version of gcm_enc/dec engaged.
Jul 20 11:25:20 localhost kernel: sched_clock: Marking stable (7114970881, 26516747)->(7143861314, -2373686)
Jul 20 11:25:20 localhost kernel: registered taskstats version 1
Jul 20 11:25:20 localhost kernel: Loading compiled-in X.509 certificates
Jul 20 11:25:20 localhost kernel: Loaded X.509 cert 'Red Hat Enterprise Linux kernel signing key: 7abe215eec6907198cbaf2dcd53a124e600c6694'
Jul 20 11:25:20 localhost kernel: Loaded X.509 cert 'Red Hat Enterprise Linux Driver Update Program (key 3): bf57f3e87362bc7229d9f465321773dfd1f77a80'
Jul 20 11:25:20 localhost kernel: Loaded X.509 cert 'Red Hat Enterprise Linux kpatch signing key: 4d38fd864ebe18c5f0b72e3852e2014c3a676fc8'
Jul 20 11:25:20 localhost kernel: Loaded X.509 cert 'RH-IMA-CA: Red Hat IMA CA: fb31825dd0e073685b264e3038963673f753959a'
Jul 20 11:25:20 localhost kernel: zswap: loaded using pool lzo/zbud
Jul 20 11:25:20 localhost kernel: page_owner is disabled
Jul 20 11:25:20 localhost kernel: Key type big_key registered
Jul 20 11:25:20 localhost kernel: Key type encrypted registered
Jul 20 11:25:20 localhost kernel: ima: No TPM chip found, activating TPM-bypass!
Jul 20 11:25:20 localhost kernel: Loading compiled-in module X.509 certificates
Jul 20 11:25:20 localhost kernel: Loaded X.509 cert 'Red Hat Enterprise Linux kernel signing key: 7abe215eec6907198cbaf2dcd53a124e600c6694'
Jul 20 11:25:20 localhost kernel: ima: Allocated hash algorithm: sha256
Jul 20 11:25:20 localhost kernel: ima: No architecture policies found
Jul 20 11:25:20 localhost kernel: evm: Initialising EVM extended attributes:
Jul 20 11:25:20 localhost kernel: evm: security.selinux
Jul 20 11:25:20 localhost kernel: evm: security.SMACK64 (disabled)
Jul 20 11:25:20 localhost kernel: evm: security.SMACK64EXEC (disabled)
Jul 20 11:25:20 localhost kernel: evm: security.SMACK64TRANSMUTE (disabled)
Jul 20 11:25:20 localhost kernel: evm: security.SMACK64MMAP (disabled)
Jul 20 11:25:20 localhost kernel: evm: security.apparmor (disabled)
Jul 20 11:25:20 localhost kernel: evm: security.ima
Jul 20 11:25:20 localhost kernel: evm: security.capability
Jul 20 11:25:20 localhost kernel: evm: HMAC attrs: 0x1
Jul 20 11:25:20 localhost kernel: Freeing unused decrypted memory: 2036K
Jul 20 11:25:20 localhost kernel: Freeing unused kernel image (initmem) memory: 3824K
Jul 20 11:25:20 localhost kernel: Write protecting the kernel read-only data: 28672k
Jul 20 11:25:20 localhost kernel: Freeing unused kernel image (rodata/data gap) memory: 848K
Jul 20 11:25:20 localhost kernel: x86/mm: Checked W+X mappings: passed, no W+X pages found.
Jul 20 11:25:20 localhost kernel: x86/mm: Checking user space page tables
Jul 20 11:25:20 localhost kernel: x86/mm: Checked W+X mappings: passed, no W+X pages found.
Jul 20 11:25:20 localhost kernel: Run /init as init process
Jul 20 11:25:20 localhost kernel:   with arguments:
Jul 20 11:25:20 localhost kernel:     /init
Jul 20 11:25:20 localhost kernel:   with environment:
Jul 20 11:25:20 localhost kernel:     HOME=/
Jul 20 11:25:20 localhost kernel:     TERM=linux
Jul 20 11:25:20 localhost kernel:     BOOT_IMAGE=vmlinuz
Jul 20 11:25:20 localhost systemd[1]: systemd 252-18.el9 running in system mode (+PAM +AUDIT +SELINUX -APPARMOR +IMA +SMACK +SECCOMP +GCRYPT +GNUTLS +OPENSSL +ACL +BLKID +CURL +ELFUTILS -FIDO2 +IDN2 -IDN -IPTC +KMOD +LIBCRYPTSETUP +LIBFDISK +PCRE2 -PWQUALITY +P11KIT -QRENCODE +TPM2 +BZIP2 +LZ4 +XZ +ZLIB +ZSTD -BPF_FRAMEWORK +XKBCOMMON +UTMP +SYSVINIT default-hierarchy=unified)
Jul 20 11:25:20 localhost systemd[1]: Detected virtualization kvm.
Jul 20 11:25:20 localhost systemd[1]: Detected architecture x86-64.
Jul 20 11:25:20 localhost systemd[1]: Running in initrd.
Jul 20 11:25:20 localhost systemd[1]: No hostname configured, using default hostname.
Jul 20 11:25:20 localhost systemd[1]: Hostname set to <localhost>.
Jul 20 11:25:20 localhost systemd[1]: Initializing machine ID from VM UUID.
Jul 20 11:25:20 localhost kernel: random: crng init done
Jul 20 11:25:20 localhost systemd[1]: Queued start job for default target Initrd Default Target.
Jul 20 11:25:20 localhost systemd[1]: Reached target Initrd Root Device.
Jul 20 11:25:20 localhost systemd[1]: Reached target Initrd /usr File System.
Jul 20 11:25:20 localhost systemd[1]: Reached target Slice Units.
Jul 20 11:25:20 localhost systemd[1]: Reached target Swaps.
Jul 20 11:25:20 localhost systemd[1]: Reached target Timer Units.
Jul 20 11:25:20 localhost systemd[1]: Listening on D-Bus System Message Bus Socket.
Jul 20 11:25:20 localhost systemd[1]: Listening on Open-iSCSI iscsid Socket.
Jul 20 11:25:20 localhost systemd[1]: Listening on Open-iSCSI iscsiuio Socket.
Jul 20 11:25:20 localhost systemd[1]: Listening on Journal Socket (/dev/log).
Jul 20 11:25:20 localhost systemd[1]: Listening on Journal Socket.
Jul 20 11:25:20 localhost systemd[1]: Listening on udev Control Socket.
Jul 20 11:25:20 localhost systemd[1]: Listening on udev Kernel Socket.
Jul 20 11:25:20 localhost systemd[1]: Reached target Socket Units.
Jul 20 11:25:20 localhost systemd[1]: Starting Create List of Static Device Nodes...
Jul 20 11:25:20 localhost systemd[1]: Starting Journal Service...
Jul 20 11:25:20 localhost systemd[1]: Starting Load Kernel Modules...
Jul 20 11:25:20 localhost systemd[1]: Starting Create System Users...
Jul 20 11:25:20 localhost systemd[1]: Starting Setup Virtual Console...
Jul 20 11:25:20 localhost systemd[1]: Finished Create List of Static Device Nodes.
Jul 20 11:25:20 localhost systemd[1]: Finished Load Kernel Modules.
Jul 20 11:25:20 localhost systemd[1]: Starting Apply Kernel Variables...
Jul 20 11:25:20 localhost systemd[1]: Finished Create System Users.
Jul 20 11:25:20 localhost systemd[1]: Starting Create Static Device Nodes in /dev...
Jul 20 11:25:20 localhost systemd[1]: Finished Apply Kernel Variables.
Jul 20 11:25:20 localhost systemd[1]: Finished Create Static Device Nodes in /dev.
Jul 20 11:25:20 localhost systemd-journald[256]: Journal started
Jul 20 11:25:20 localhost systemd-journald[256]: Runtime Journal (/run/log/journal/82c7e104e642476bb9a91ab7b6379b60) is 8.0M, max 155.7M, 147.7M free.
Jul 20 11:25:20 localhost systemd-modules-load[257]: Module 'msr' is built in
Jul 20 11:25:20 localhost systemd[1]: Started Journal Service.
Jul 20 11:25:20 localhost systemd-sysusers[258]: Creating group 'sgx' with GID 997.
Jul 20 11:25:20 localhost systemd-sysusers[258]: Creating group 'users' with GID 100.
Jul 20 11:25:20 localhost systemd-sysusers[258]: Creating group 'dbus' with GID 81.
Jul 20 11:25:20 localhost systemd-sysusers[258]: Creating user 'dbus' (System Message Bus) with UID 81 and GID 81.
Jul 20 11:25:20 localhost systemd[1]: Starting Create Volatile Files and Directories...
Jul 20 11:25:20 localhost systemd[1]: Finished Create Volatile Files and Directories.
Jul 20 11:25:21 localhost systemd[1]: Finished Setup Virtual Console.
Jul 20 11:25:21 localhost systemd[1]: dracut ask for additional cmdline parameters was skipped because no trigger condition checks were met.
Jul 20 11:25:21 localhost systemd[1]: Starting dracut cmdline hook...
Jul 20 11:25:21 localhost dracut-cmdline[271]: dracut-9.3 (Plow) dracut-057-44.git20230822.el9
Jul 20 11:25:21 localhost dracut-cmdline[271]: Using kernel command line parameters:    BOOT_IMAGE=vmlinuz initrd=initrd.img inst.stage2=hd:LABEL=RHEL-9-3-0-BaseOS-x86_64 rd.live.check quiet
Jul 20 11:25:21 localhost kernel: BIOS EDD facility v0.16 2004-Jun-25, 1 devices found
Jul 20 11:25:21 localhost dracut-cmdline[271]: Loading Red Hat Enterprise Linux 9.3 x86_64 installer...
Jul 20 11:25:21 localhost kernel: Loading iSCSI transport class v2.0-870.
Jul 20 11:25:21 localhost kernel: iscsi: registered transport (tcp)
Jul 20 11:25:21 localhost kernel: iscsi: registered transport (qla4xxx)
Jul 20 11:25:21 localhost kernel: QLogic iSCSI HBA Driver
Jul 20 11:25:21 localhost kernel: libcxgbi:libcxgbi_init_module: Chelsio iSCSI driver library libcxgbi v0.9.1-ko (Apr. 2015)
Jul 20 11:25:22 localhost kernel: Chelsio T4-T6 iSCSI Driver cxgb4i v0.9.5-ko (Apr. 2015)
Jul 20 11:25:22 localhost kernel: iscsi: registered transport (cxgb4i)
Jul 20 11:25:22 localhost kernel: cnic: QLogic cnicDriver v2.5.22 (July 20, 2015)
Jul 20 11:25:22 localhost kernel: QLogic NetXtreme II iSCSI Driver bnx2i v2.7.10.1 (Jul 16, 2014)
Jul 20 11:25:22 localhost kernel: iscsi: registered transport (bnx2i)
Jul 20 11:25:22 localhost kernel: iscsi: registered transport (be2iscsi)
Jul 20 11:25:22 localhost kernel: In beiscsi_module_init, tt=00000000d247c8b5
Jul 20 11:25:22 localhost systemd[1]: Finished dracut cmdline hook.
Jul 20 11:25:22 localhost systemd[1]: Starting dracut pre-udev hook...
Jul 20 11:25:22 localhost dracut-pre-udev[578]: anaconda-modprobe: Module cramfs not found
Jul 20 11:25:22 localhost kernel: squashfs: version 4.0 (2009/01/31) Phillip Lougher
Jul 20 11:25:22 localhost dracut-pre-udev[578]: anaconda-modprobe: Module floppy not found
Jul 20 11:25:22 localhost kernel: No iBFT detected.
Jul 20 11:25:22 localhost kernel: raid6: skip pq benchmark and using algorithm sse2x4
Jul 20 11:25:22 localhost kernel: raid6: using ssse3x2 recovery algorithm
Jul 20 11:25:22 localhost kernel: async_tx: api initialized (async)
Jul 20 11:25:22 localhost kernel: device-mapper: core: CONFIG_IMA_DISABLE_HTABLE is disabled. Duplicate IMA measurements will not be recorded in the IMA log.
Jul 20 11:25:22 localhost kernel: device-mapper: uevent: version 1.0.3
Jul 20 11:25:22 localhost kernel: device-mapper: ioctl: 4.48.0-ioctl (2023-03-01) initialised: dm-devel@redhat.com
Jul 20 11:25:23 localhost kernel: device-mapper: multipath round-robin: version 1.2.0 loaded
Jul 20 11:25:23 localhost dracut-pre-udev[578]: anaconda-modprobe: Module sha256 not found
Jul 20 11:25:23 localhost kernel: RPC: Registered named UNIX socket transport module.
Jul 20 11:25:23 localhost kernel: RPC: Registered udp transport module.
Jul 20 11:25:23 localhost kernel: RPC: Registered tcp transport module.
Jul 20 11:25:23 localhost kernel: RPC: Registered tcp NFSv4.1 backchannel transport module.
Jul 20 11:25:23 localhost rpc.statd[856]: Version 2.5.4 starting
Jul 20 11:25:23 localhost rpc.statd[856]: Initializing NSM state
Jul 20 11:25:23 localhost rpc.idmapd[860]: Setting log level to 0
Jul 20 11:25:23 localhost systemd[1]: Finished dracut pre-udev hook.
Jul 20 11:25:23 localhost systemd[1]: Starting Rule-based Manager for Device Events and Files...
Jul 20 11:25:23 localhost systemd-udevd[873]: Using default interface naming scheme 'rhel-9.0'.
Jul 20 11:25:23 localhost systemd[1]: Started Rule-based Manager for Device Events and Files.
Jul 20 11:25:23 localhost systemd[1]: Starting dracut pre-trigger hook...
Jul 20 11:25:23 localhost lldpad[893]: config file failed to load,
Jul 20 11:25:23 localhost lldpad[893]: create a new file.
Jul 20 11:25:23 localhost lldpad[893]: bound ctrl iface to /com/intel/lldpad
Jul 20 11:25:23 localhost dracut-pre-trigger[896]: 895
Jul 20 11:25:23 localhost dracut-pre-trigger[878]: rd.md=0: removing MD RAID activation
Jul 20 11:25:23 localhost systemd[1]: Finished dracut pre-trigger hook.
Jul 20 11:25:23 localhost systemd[1]: Starting Coldplug All udev Devices...
Jul 20 11:25:24 localhost systemd[1]: Finished Coldplug All udev Devices.
Jul 20 11:25:24 localhost systemd[1]: nm-initrd.service was skipped because of an unmet condition check (ConditionPathExists=/run/NetworkManager/initrd/neednet).
Jul 20 11:25:24 localhost systemd[1]: Reached target Network.
Jul 20 11:25:24 localhost systemd[1]: nm-wait-online-initrd.service was skipped because of an unmet condition check (ConditionPathExists=/run/NetworkManager/initrd/neednet).
Jul 20 11:25:24 localhost systemd[1]: Starting dracut initqueue hook...
Jul 20 11:25:24 localhost systemd[1]: Starting Show Plymouth Boot Screen...
Jul 20 11:25:24 localhost systemd[1]: Starting Wait for udev To Complete Device Initialization...
Jul 20 11:25:24 localhost systemd[1]: Received SIGRTMIN+20 from PID 972 (plymouthd).
Jul 20 11:25:24 localhost udevadm[970]: systemd-udev-settle.service is deprecated. Please fix multipathd-configure.service not to pull it in.
Jul 20 11:25:24 localhost systemd[1]: Started Show Plymouth Boot Screen.
Jul 20 11:25:24 localhost systemd[1]: Dispatch Password Requests to Console Directory Watch was skipped because of an unmet condition check (ConditionPathExists=!/run/plymouth/pid).
Jul 20 11:25:24 localhost systemd[1]: Started Forward Password Requests to Plymouth Directory Watch.
Jul 20 11:25:24 localhost systemd[1]: Reached target Local Encrypted Volumes.
Jul 20 11:25:24 localhost systemd[1]: Reached target Path Units.
Jul 20 11:25:24 localhost kernel: scsi host0: Virtio SCSI HBA
Jul 20 11:25:24 localhost kernel: scsi 0:0:0:0: Direct-Access     QEMU     QEMU HARDDISK    2.5+ PQ: 0 ANSI: 5
Jul 20 11:25:24 localhost kernel: 8021q: 802.1Q VLAN Support v1.8
Jul 20 11:25:24 localhost kernel: virtio_net virtio1 ens18: renamed from eth0
Jul 20 11:25:24 localhost kernel: libata version 3.00 loaded.
Jul 20 11:25:24 localhost systemd[1]: Reloading.
Jul 20 11:25:24 localhost kernel: ata_piix 0000:00:01.1: version 2.13
Jul 20 11:25:24 localhost kernel: scsi host1: ata_piix
Jul 20 11:25:24 localhost kernel: scsi host2: ata_piix
Jul 20 11:25:24 localhost kernel: ata1: PATA max MWDMA2 cmd 0x1f0 ctl 0x3f6 bmdma 0xf0a0 irq 14
Jul 20 11:25:24 localhost kernel: ata2: PATA max MWDMA2 cmd 0x170 ctl 0x376 bmdma 0xf0a8 irq 15
Jul 20 11:25:24 localhost kernel: scsi 0:0:0:0: Attached scsi generic sg0 type 0
Jul 20 11:25:24 localhost kernel: ACPI: bus type drm_connector registered
Jul 20 11:25:24 localhost kernel: sd 0:0:0:0: Power-on or device reset occurred
Jul 20 11:25:24 localhost kernel: sd 0:0:0:0: [sda] 52428800 512-byte logical blocks: (26.8 GB/25.0 GiB)
Jul 20 11:25:24 localhost kernel: sd 0:0:0:0: [sda] Write Protect is off
Jul 20 11:25:24 localhost kernel: sd 0:0:0:0: [sda] Mode Sense: 63 00 10 08
Jul 20 11:25:24 localhost kernel: sd 0:0:0:0: [sda] Write cache: enabled, read cache: enabled, supports DPO and FUA
Jul 20 11:25:24 localhost kernel: sd 0:0:0:0: [sda] Attached SCSI disk
Jul 20 11:25:24 localhost kernel: ata2: found unknown device (class 0)
Jul 20 11:25:24 localhost kernel: ata2.00: ATAPI: QEMU DVD-ROM, 2.5+, max UDMA/100
Jul 20 11:25:24 localhost kernel: scsi 2:0:0:0: CD-ROM            QEMU     QEMU DVD-ROM     2.5+ PQ: 0 ANSI: 5
Jul 20 11:25:24 localhost kernel: scsi 2:0:0:0: Attached scsi generic sg1 type 5
Jul 20 11:25:24 localhost kernel: bochs-drm 0000:00:02.0: vgaarb: deactivate vga console
Jul 20 11:25:24 localhost kernel: sr 2:0:0:0: [sr0] scsi3-mmc drive: 4x/4x cd/rw xa/form2 tray
Jul 20 11:25:24 localhost kernel: cdrom: Uniform CD-ROM driver Revision: 3.20
Jul 20 11:25:24 localhost kernel: sr 2:0:0:0: Attached scsi CD-ROM sr0
Jul 20 11:25:24 localhost systemd[1]: Started cancel waiting for multipath siblings of sda.
Jul 20 11:25:24 localhost kernel: Console: switching to colour dummy device 80x25
Jul 20 11:25:24 localhost kernel: [drm] Found bochs VGA, ID 0xb0c5.
Jul 20 11:25:24 localhost kernel: [drm] Framebuffer size 16384 kB @ 0xfd000000, mmio @ 0xfea50000.
Jul 20 11:25:24 localhost kernel: [drm] Found EDID data blob.
Jul 20 11:25:25 localhost kernel: [drm] Initialized bochs-drm 1.0.0 20130925 for 0000:00:02.0 on minor 0
Jul 20 11:25:25 localhost kernel: fbcon: bochs-drmdrmfb (fb0) is primary device
Jul 20 11:25:25 localhost kernel: Console: switching to colour frame buffer device 160x50
Jul 20 11:25:25 localhost kernel: bochs-drm 0000:00:02.0: [drm] fb0: bochs-drmdrmfb frame buffer device
Jul 20 11:25:25 localhost systemd[1]: Finished Wait for udev To Complete Device Initialization.
Jul 20 11:25:25 localhost systemd[1]: Device-Mapper Multipath Default Configuration was skipped because of an unmet condition check (ConditionPathExists=!/etc/multipath.conf).
Jul 20 11:25:25 localhost systemd[1]: Starting Device-Mapper Multipath Device Controller...
Jul 20 11:25:25 localhost multipathd[1105]: --------start up--------
Jul 20 11:25:25 localhost multipathd[1105]: read /etc/multipath.conf
Jul 20 11:25:25 localhost multipathd[1105]: path checkers start up
Jul 20 11:25:25 localhost systemd[1]: Started Device-Mapper Multipath Device Controller.
Jul 20 11:25:25 localhost systemd[1]: Reached target Preparation for Local File Systems.
Jul 20 11:25:25 localhost systemd[1]: Reached target Local File Systems.
Jul 20 11:25:25 localhost systemd[1]: Reached target System Initialization.
Jul 20 11:25:25 localhost systemd[1]: Reached target Basic System.
Jul 20 11:25:25 localhost dracut-initqueue[1141]: anaconda using disk root at /dev/sr0
Jul 20 11:25:25 localhost kernel: ISO 9660 Extensions: Microsoft Joliet Level 3
Jul 20 11:25:25 localhost kernel: ISO 9660 Extensions: RRIP_1991A
Jul 20 11:25:25 localhost dracut-initqueue[1141]: anaconda: found /run/install/repo//images/install.img
Jul 20 11:25:25 localhost kernel: loop: module loaded
Jul 20 11:25:25 localhost kernel: loop0: detected capacity change from 0 to 1587984
Jul 20 11:25:25 localhost kernel: loop1: detected capacity change from 0 to 6291456
Jul 20 11:25:25 localhost kernel: loop2: detected capacity change from 0 to 67108864
Jul 20 11:25:25 localhost systemd[1]: run-initramfs-squashfs.mount: Deactivated successfully.
Jul 20 11:25:25 localhost systemd[1]: Received SIGRTMIN+21 from PID 972 (plymouthd).
Jul 20 11:25:25 localhost systemd[1]: Created slice Slice /system/checkisomd5.
Jul 20 11:25:25 localhost systemd[1]: Starting Media check on /dev/sr0...
Jul 20 11:25:35 localhost systemd[1]: Started cancel waiting for multipath siblings of sda.
Jul 20 11:25:35 localhost systemd[1]: cancel-multipath-wait-sda.service: Deactivated successfully.
Jul 20 11:25:35 localhost systemd[1]: cancel-multipath-wait-sda.timer: Deactivated successfully.
Jul 20 11:26:44 localhost systemd[1]: checkisomd5@dev-sr0.service: Deactivated successfully.
Jul 20 11:26:44 localhost systemd[1]: Finished Media check on /dev/sr0.
Jul 20 11:26:44 localhost systemd[1]: checkisomd5@dev-sr0.service: Consumed 57.275s CPU time.
Jul 20 11:26:44 localhost systemd[1]: Received SIGRTMIN+20 from PID 972 (plymouthd).
Jul 20 11:26:50 localhost systemd[1]: Finished dracut initqueue hook.
Jul 20 11:26:50 localhost systemd[1]: Reached target Preparation for Remote File Systems.
Jul 20 11:26:50 localhost systemd[1]: Reached target Remote Encrypted Volumes.
Jul 20 11:26:50 localhost systemd[1]: Reached target Remote File Systems.
Jul 20 11:26:50 localhost systemd[1]: Starting dracut pre-mount hook...
Jul 20 11:26:50 localhost systemd[1]: Finished dracut pre-mount hook.
Jul 20 11:26:50 localhost systemd[1]: Reached target Initrd Root File System.
Jul 20 11:26:50 localhost systemd[1]: Starting Mountpoints Configured in the Real Root...
Jul 20 11:26:50 localhost multipathd[1105]: exit (signal)
Jul 20 11:26:50 localhost multipathd[1105]: --------shut down-------
Jul 20 11:26:50 localhost systemd[1]: Stopping Device-Mapper Multipath Device Controller...
Jul 20 11:26:50 localhost systemd[1]: initrd-parse-etc.service: Deactivated successfully.
Jul 20 11:26:50 localhost systemd[1]: Finished Mountpoints Configured in the Real Root.
Jul 20 11:26:50 localhost systemd[1]: Reached target Initrd File Systems.
Jul 20 11:26:50 localhost systemd[1]: Reached target Initrd Default Target.
Jul 20 11:26:50 localhost systemd[1]: Starting dracut mount hook...
Jul 20 11:26:50 localhost systemd[1]: multipathd.service: Deactivated successfully.
Jul 20 11:26:50 localhost systemd[1]: Stopped Device-Mapper Multipath Device Controller.
Jul 20 11:26:51 localhost kernel: EXT4-fs (dm-0): mounted filesystem with ordered data mode. Quota mode: none.
Jul 20 11:26:51 localhost systemd[1]: Finished dracut mount hook.
Jul 20 11:26:51 localhost systemd[1]: Starting dracut pre-pivot and cleanup hook...
Jul 20 11:26:51 localhost rpc.idmapd[860]: exiting on signal 15
Jul 20 11:26:51 localhost systemd[1]: var-lib-nfs-rpc_pipefs.mount: Deactivated successfully.
Jul 20 11:26:51 localhost systemd[1]: Finished dracut pre-pivot and cleanup hook.
Jul 20 11:26:51 localhost systemd[1]: Starting Cleaning Up and Shutting Down Daemons...
Jul 20 11:26:51 localhost systemd[1]: Stopped target Network.
Jul 20 11:26:51 localhost systemd[1]: Stopped target Remote Encrypted Volumes.
Jul 20 11:26:51 localhost systemd[1]: Stopped target Timer Units.
Jul 20 11:26:51 localhost systemd[1]: dbus.socket: Deactivated successfully.
Jul 20 11:26:51 localhost systemd[1]: Closed D-Bus System Message Bus Socket.
Jul 20 11:26:51 localhost systemd[1]: dracut-pre-pivot.service: Deactivated successfully.
Jul 20 11:26:51 localhost systemd[1]: Stopped dracut pre-pivot and cleanup hook.
Jul 20 11:26:51 localhost systemd[1]: Stopped target Initrd Default Target.
Jul 20 11:26:51 localhost systemd[1]: Stopped target Basic System.
Jul 20 11:26:51 localhost systemd[1]: Stopped target Initrd Root Device.
Jul 20 11:26:51 localhost systemd[1]: Stopped target Initrd /usr File System.
Jul 20 11:26:51 localhost systemd[1]: Stopped target Path Units.
Jul 20 11:26:51 localhost systemd[1]: Stopped target Remote File Systems.
Jul 20 11:26:51 localhost systemd[1]: Stopped target Preparation for Remote File Systems.
Jul 20 11:26:51 localhost systemd[1]: Stopped target Slice Units.
Jul 20 11:26:51 localhost systemd[1]: Stopped target Socket Units.
Jul 20 11:26:51 localhost systemd[1]: Stopped target System Initialization.
Jul 20 11:26:51 localhost systemd[1]: Stopped target Local File Systems.
Jul 20 11:26:51 localhost systemd[1]: Stopped target Preparation for Local File Systems.
Jul 20 11:26:51 localhost systemd[1]: Stopped target Swaps.
Jul 20 11:26:51 localhost systemd[1]: iscsid.socket: Deactivated successfully.
Jul 20 11:26:51 localhost systemd[1]: Closed Open-iSCSI iscsid Socket.
Jul 20 11:26:51 localhost systemd[1]: iscsiuio.socket: Deactivated successfully.
Jul 20 11:26:51 localhost systemd[1]: Closed Open-iSCSI iscsiuio Socket.
Jul 20 11:26:51 localhost systemd[1]: dracut-mount.service: Deactivated successfully.
Jul 20 11:26:51 localhost systemd[1]: Stopped dracut mount hook.
Jul 20 11:26:51 localhost systemd[1]: dracut-pre-mount.service: Deactivated successfully.
Jul 20 11:26:51 localhost systemd[1]: Stopped dracut pre-mount hook.
Jul 20 11:26:51 localhost systemd[1]: Stopped target Local Encrypted Volumes.
Jul 20 11:26:51 localhost systemd[1]: dracut-initqueue.service: Deactivated successfully.
Jul 20 11:26:51 localhost systemd[1]: Stopped dracut initqueue hook.
Jul 20 11:26:51 localhost systemd[1]: dracut-initqueue.service: Consumed 1.112s CPU time.
Jul 20 11:26:51 localhost systemd[1]: Starting Plymouth switch root service...
Jul 20 11:26:51 localhost systemd[1]: systemd-sysctl.service: Deactivated successfully.
Jul 20 11:26:51 localhost systemd[1]: Stopped Apply Kernel Variables.
Jul 20 11:26:51 localhost systemd[1]: systemd-modules-load.service: Deactivated successfully.
Jul 20 11:26:51 localhost systemd[1]: Stopped Load Kernel Modules.
Jul 20 11:26:51 localhost systemd[1]: systemd-tmpfiles-setup.service: Deactivated successfully.
Jul 20 11:26:51 localhost systemd[1]: Stopped Create Volatile Files and Directories.
Jul 20 11:26:51 localhost systemd[1]: systemd-udev-settle.service: Deactivated successfully.
Jul 20 11:26:51 localhost systemd[1]: Stopped Wait for udev To Complete Device Initialization.
Jul 20 11:26:51 localhost systemd[1]: systemd-udev-trigger.service: Deactivated successfully.
Jul 20 11:26:51 localhost systemd[1]: Stopped Coldplug All udev Devices.
Jul 20 11:26:51 localhost systemd[1]: dracut-pre-trigger.service: Deactivated successfully.
Jul 20 11:26:51 localhost systemd[1]: Stopped dracut pre-trigger hook.
Jul 20 11:26:51 localhost systemd[1]: Stopping Rule-based Manager for Device Events and Files...
Jul 20 11:26:51 localhost systemd[1]: run-credentials-systemd\x2dtmpfiles\x2dsetup.service.mount: Deactivated successfully.
Jul 20 11:26:51 localhost systemd[1]: run-credentials-systemd\x2dsysctl.service.mount: Deactivated successfully.
Jul 20 11:26:51 localhost systemd[1]: systemd-udevd.service: Deactivated successfully.
Jul 20 11:26:51 localhost systemd[1]: Stopped Rule-based Manager for Device Events and Files.
Jul 20 11:26:51 localhost systemd[1]: systemd-udevd.service: Consumed 2.034s CPU time.
Jul 20 11:26:51 localhost systemd[1]: systemd-udevd-control.socket: Deactivated successfully.
Jul 20 11:26:51 localhost systemd[1]: Closed udev Control Socket.
Jul 20 11:26:51 localhost systemd[1]: systemd-udevd-kernel.socket: Deactivated successfully.
Jul 20 11:26:51 localhost systemd[1]: Closed udev Kernel Socket.
Jul 20 11:26:51 localhost systemd[1]: dracut-pre-udev.service: Deactivated successfully.
Jul 20 11:26:51 localhost systemd[1]: Stopped dracut pre-udev hook.
Jul 20 11:26:51 localhost systemd[1]: dracut-pre-udev.service: Consumed 1.384s CPU time.
Jul 20 11:26:51 localhost systemd[1]: dracut-cmdline.service: Deactivated successfully.
Jul 20 11:26:51 localhost systemd[1]: Stopped dracut cmdline hook.
Jul 20 11:26:51 localhost systemd[1]: dracut-cmdline.service: Consumed 1.057s CPU time.
Jul 20 11:26:51 localhost systemd[1]: Starting Cleanup udev Database...
Jul 20 11:26:51 localhost systemd[1]: systemd-tmpfiles-setup-dev.service: Deactivated successfully.
Jul 20 11:26:51 localhost systemd[1]: Stopped Create Static Device Nodes in /dev.
Jul 20 11:26:51 localhost systemd[1]: kmod-static-nodes.service: Deactivated successfully.
Jul 20 11:26:51 localhost systemd[1]: Stopped Create List of Static Device Nodes.
Jul 20 11:26:51 localhost systemd[1]: systemd-sysusers.service: Deactivated successfully.
Jul 20 11:26:51 localhost systemd[1]: Stopped Create System Users.
Jul 20 11:26:51 localhost systemd[1]: run-credentials-systemd\x2dtmpfiles\x2dsetup\x2ddev.service.mount: Deactivated successfully.
Jul 20 11:26:51 localhost systemd[1]: run-credentials-systemd\x2dsysusers.service.mount: Deactivated successfully.
Jul 20 11:26:51 localhost systemd[1]: initrd-cleanup.service: Deactivated successfully.
Jul 20 11:26:51 localhost systemd[1]: Finished Cleaning Up and Shutting Down Daemons.
Jul 20 11:26:51 localhost systemd[1]: initrd-udevadm-cleanup-db.service: Deactivated successfully.
Jul 20 11:26:51 localhost systemd[1]: Finished Cleanup udev Database.
Jul 20 11:26:51 localhost systemd[1]: Reached target Switch Root.
Jul 20 11:26:51 localhost systemd[1]: Finished Plymouth switch root service.
Jul 20 11:26:51 localhost systemd[1]: Starting Switch Root...
Jul 20 11:26:51 localhost systemd[1]: Switching root.
Jul 20 11:26:51 localhost systemd-journald[256]: Journal stopped
Jul 20 11:26:56 localhost systemd-journald[256]: Received SIGTERM from PID 1 (systemd).
Jul 20 11:26:56 localhost kernel: SELinux:  policy capability network_peer_controls=1
Jul 20 11:26:56 localhost kernel: SELinux:  policy capability open_perms=1
Jul 20 11:26:56 localhost kernel: SELinux:  policy capability extended_socket_class=1
Jul 20 11:26:56 localhost kernel: SELinux:  policy capability always_check_network=0
Jul 20 11:26:56 localhost kernel: SELinux:  policy capability cgroup_seclabel=1
Jul 20 11:26:56 localhost kernel: SELinux:  policy capability nnp_nosuid_transition=1
Jul 20 11:26:56 localhost kernel: SELinux:  policy capability genfs_seclabel_symlinks=1
Jul 20 11:26:56 localhost kernel: audit: type=1403 audit(1784546813.579:2): auid=4294967295 ses=4294967295 lsm=selinux res=1
Jul 20 11:26:56 localhost systemd[1]: Successfully loaded SELinux policy in 334.255ms.
Jul 20 11:26:56 localhost systemd[1]: Relabelled /dev, /dev/shm, /run, /sys/fs/cgroup in 124.758ms.
Jul 20 11:26:56 localhost systemd[1]: systemd 252-18.el9 running in system mode (+PAM +AUDIT +SELINUX -APPARMOR +IMA +SMACK +SECCOMP +GCRYPT +GNUTLS +OPENSSL +ACL +BLKID +CURL +ELFUTILS -FIDO2 +IDN2 -IDN -IPTC +KMOD +LIBCRYPTSETUP +LIBFDISK +PCRE2 -PWQUALITY +P11KIT -QRENCODE +TPM2 +BZIP2 +LZ4 +XZ +ZLIB +ZSTD -BPF_FRAMEWORK +XKBCOMMON +UTMP +SYSVINIT default-hierarchy=unified)
Jul 20 11:26:56 localhost systemd[1]: Detected virtualization kvm.
Jul 20 11:26:56 localhost systemd[1]: Detected architecture x86-64.
Jul 20 11:26:56 localhost systemd-rc-local-generator[1634]: /etc/rc.d/rc.local is not marked executable, skipping.
Jul 20 11:26:56 localhost kernel: zram: Added device: zram0
Jul 20 11:26:56 localhost systemd[1]: initrd-switch-root.service: Deactivated successfully.
Jul 20 11:26:56 localhost systemd[1]: Stopped Switch Root.
Jul 20 11:26:56 localhost systemd[1]: systemd-journald.service: Scheduled restart job, restart counter is at 1.
Jul 20 11:26:56 localhost systemd[1]: Created slice Slice /system/anaconda-tmux.
Jul 20 11:26:56 localhost systemd[1]: Created slice Slice /system/modprobe.
Jul 20 11:26:56 localhost systemd[1]: Created slice Slice /system/sshd-keygen.
Jul 20 11:26:56 localhost systemd[1]: Created slice Slice /system/systemd-zram-setup.
Jul 20 11:26:56 localhost systemd[1]: Created slice User and Session Slice.
Jul 20 11:26:56 localhost systemd[1]: Dispatch Password Requests to Console Directory Watch was skipped because of an unmet condition check (ConditionPathExists=!/run/plymouth/pid).
Jul 20 11:26:56 localhost systemd[1]: Set up automount Arbitrary Executable File Formats File System Automount Point.
Jul 20 11:26:56 localhost systemd[1]: Reached target Local Encrypted Volumes.
Jul 20 11:26:56 localhost systemd[1]: Stopped target Switch Root.
Jul 20 11:26:56 localhost systemd[1]: Stopped target Initrd File Systems.
Jul 20 11:26:56 localhost systemd[1]: Stopped target Initrd Root File System.
Jul 20 11:26:56 localhost systemd[1]: Reached target Local Integrity Protected Volumes.
Jul 20 11:26:56 localhost systemd[1]: Reached target Path Units.
Jul 20 11:26:56 localhost systemd[1]: Reached target Slice Units.
Jul 20 11:26:56 localhost systemd[1]: Reached target Local Verity Protected Volumes.
Jul 20 11:26:56 localhost systemd[1]: Listening on LVM2 poll daemon socket.
Jul 20 11:26:56 localhost systemd[1]: Listening on multipathd control socket.
Jul 20 11:26:56 localhost systemd[1]: Listening on Process Core Dump Socket.
Jul 20 11:26:56 localhost systemd[1]: Listening on initctl Compatibility Named Pipe.
Jul 20 11:26:56 localhost systemd[1]: Listening on udev Control Socket.
Jul 20 11:26:56 localhost systemd[1]: Listening on udev Kernel Socket.
Jul 20 11:26:56 localhost systemd[1]: Mounting Huge Pages File System...
Jul 20 11:26:56 localhost systemd[1]: Mounting POSIX Message Queue File System...
Jul 20 11:26:56 localhost systemd[1]: Mounting Kernel Debug File System...
Jul 20 11:26:56 localhost systemd[1]: Mounting Kernel Trace File System...
Jul 20 11:26:56 localhost systemd[1]: Starting Create List of Static Device Nodes...
Jul 20 11:26:56 localhost systemd[1]: Load legacy module configuration was skipped because no trigger condition checks were met.
Jul 20 11:26:56 localhost systemd[1]: Starting Load Kernel Module configfs...
Jul 20 11:26:56 localhost systemd[1]: Starting Load Kernel Module drm...
Jul 20 11:26:56 localhost systemd[1]: Starting Load Kernel Module fuse...
Jul 20 11:26:56 localhost systemd[1]: Read and set NIS domainname from /etc/sysconfig/network was skipped because of an unmet condition check (ConditionPathExists=/etc/sysconfig/network).
Jul 20 11:26:56 localhost systemd[1]: plymouth-switch-root.service: Deactivated successfully.
Jul 20 11:26:56 localhost systemd[1]: Stopped Plymouth switch root service.
Jul 20 11:26:56 localhost systemd[1]: Stopped Journal Service.
Jul 20 11:26:56 localhost systemd[1]: Starting Journal Service...
Jul 20 11:26:56 localhost systemd[1]: Starting Load Kernel Modules...
Jul 20 11:26:56 localhost systemd[1]: Starting Generate network units from Kernel command line...
Jul 20 11:26:56 localhost systemd[1]: Starting Remount Root and Kernel File Systems...
Jul 20 11:26:56 localhost kernel: fuse: init (API version 7.36)
Jul 20 11:26:56 localhost systemd[1]: Repartition Root Disk was skipped because no trigger condition checks were met.
Jul 20 11:26:56 localhost systemd[1]: Starting Coldplug All udev Devices...
Jul 20 11:26:56 localhost systemd[1]: Mounted Huge Pages File System.
Jul 20 11:26:56 localhost systemd[1]: Mounted POSIX Message Queue File System.
Jul 20 11:26:56 localhost systemd[1]: Mounted Kernel Debug File System.
Jul 20 11:26:56 localhost systemd[1]: Mounted Kernel Trace File System.
Jul 20 11:26:56 localhost systemd[1]: Finished Create List of Static Device Nodes.
Jul 20 11:26:56 localhost systemd[1]: modprobe@configfs.service: Deactivated successfully.
Jul 20 11:26:56 localhost systemd[1]: Finished Load Kernel Module configfs.
Jul 20 11:26:56 localhost systemd[1]: modprobe@drm.service: Deactivated successfully.
Jul 20 11:26:56 localhost systemd[1]: Finished Load Kernel Module drm.
Jul 20 11:26:56 localhost systemd[1]: modprobe@fuse.service: Deactivated successfully.
Jul 20 11:26:56 localhost systemd[1]: Finished Load Kernel Module fuse.
Jul 20 11:26:56 localhost systemd[1]: Mounting FUSE Control File System...
Jul 20 11:26:56 localhost systemd[1]: Mounting Kernel Configuration File System...
Jul 20 11:26:56 localhost systemd[1]: Mounted FUSE Control File System.
Jul 20 11:26:56 localhost systemd[1]: Mounted Kernel Configuration File System.
Jul 20 11:26:56 localhost systemd[1]: Finished Generate network units from Kernel command line.
Jul 20 11:26:56 localhost systemd[1]: Reached target Preparation for Network.
Jul 20 11:26:56 localhost systemd[1]: Finished Remount Root and Kernel File Systems.
Jul 20 11:26:56 localhost systemd[1]: Special handling of early boot iSCSI sessions was skipped because of an unmet condition check (ConditionDirectoryNotEmpty=/sys/class/iscsi_session).
Jul 20 11:26:56 localhost systemd[1]: OSTree Remount OS/ Bind Mounts was skipped because of an unmet condition check (ConditionKernelCommandLine=ostree).
Jul 20 11:26:56 localhost systemd[1]: First Boot Wizard was skipped because of an unmet condition check (ConditionFirstBoot=yes).
Jul 20 11:26:56 localhost systemd[1]: Starting Rebuild Hardware Database...
Jul 20 11:26:56 localhost systemd-journald[1662]: Journal started
Jul 20 11:26:56 localhost systemd-journald[1662]: Runtime Journal (/run/log/journal/f911f1f16a0d4648b5d8570929a74847) is 8.0M, max 155.7M, 147.7M free.
Jul 20 11:26:55 localhost systemd[1]: Queued start job for default target Anaconda System Services.
Jul 20 11:26:55 localhost systemd[1]: systemd-journald.service: Deactivated successfully.
Jul 20 11:26:56 localhost systemd-modules-load[1663]: Module 'msr' is built in
Jul 20 11:26:56 localhost systemd[1]: Starting Load/Save Random Seed...
Jul 20 11:26:56 localhost systemd[1]: Starting Create System Users...
Jul 20 11:26:56 localhost systemd[1]: Started Journal Service.
Jul 20 11:26:56 localhost systemd[1]: Finished Load Kernel Modules.
Jul 20 11:26:56 localhost systemd[1]: Starting Flush Journal to Persistent Storage...
Jul 20 11:26:56 localhost systemd[1]: Starting Apply Kernel Variables...
Jul 20 11:26:56 localhost systemd[1]: Finished Load/Save Random Seed.
Jul 20 11:26:56 localhost systemd[1]: First Boot Complete was skipped because of an unmet condition check (ConditionFirstBoot=yes).
Jul 20 11:26:56 localhost systemd-journald[1662]: Runtime Journal (/run/log/journal/f911f1f16a0d4648b5d8570929a74847) is 8.0M, max 155.7M, 147.7M free.
Jul 20 11:26:56 localhost systemd-journald[1662]: Received client request to flush runtime journal.
Jul 20 11:26:56 localhost systemd[1]: Finished Flush Journal to Persistent Storage.
Jul 20 11:26:56 localhost systemd[1]: Finished Apply Kernel Variables.
Jul 20 11:26:56 localhost systemd-sysusers[1671]: Creating group 'sgx' with GID 990.
Jul 20 11:26:56 localhost systemd-sysusers[1671]: Creating group 'systemd-oom' with GID 989.
Jul 20 11:26:56 localhost systemd-sysusers[1671]: Creating user 'systemd-oom' (systemd Userspace OOM Killer) with UID 989 and GID 989.
Jul 20 11:26:56 localhost systemd[1]: Finished Create System Users.
Jul 20 11:26:56 localhost systemd[1]: Starting Create Static Device Nodes in /dev...
Jul 20 11:26:56 localhost systemd[1]: Finished Create Static Device Nodes in /dev.
Jul 20 11:26:56 localhost systemd[1]: Finished Coldplug All udev Devices.
Jul 20 11:26:56 localhost systemd[1]: Starting Wait for udev To Complete Device Initialization...
Jul 20 11:26:56 localhost udevadm[1678]: systemd-udev-settle.service is deprecated. Please fix anaconda.target, anaconda-direct.service, multipathd.service, anaconda-pre.service not to pull it in.
Jul 20 11:26:57 localhost systemd[1]: Finished Rebuild Hardware Database.
Jul 20 11:26:57 localhost systemd[1]: Starting Rule-based Manager for Device Events and Files...
Jul 20 11:26:57 localhost systemd-udevd[1679]: Using default interface naming scheme 'rhel-9.0'.
Jul 20 11:26:57 localhost systemd[1]: Started Rule-based Manager for Device Events and Files.
Jul 20 11:26:57 localhost systemd[1]: Auto-connect to subsystems on FC-NVME devices found during boot was skipped because of an unmet condition check (ConditionPathExists=/sys/class/fc/fc_udev_device/nvme_discovery).
Jul 20 11:26:57 localhost systemd[1]: Starting Load Kernel Module configfs...
Jul 20 11:26:57 localhost systemd[1]: modprobe@configfs.service: Deactivated successfully.
Jul 20 11:26:57 localhost systemd[1]: Finished Load Kernel Module configfs.
Jul 20 11:26:57 localhost systemd[1]: Found device /dev/zram0.
Jul 20 11:26:57 localhost systemd[1]: Starting Create swap on /dev/zram0...
Jul 20 11:26:57 localhost kernel: zram0: detected capacity change from 0 to 15947776
Jul 20 11:26:57 localhost zram-generator[1698]: Setting up swapspace version 1, size = 7.6 GiB (8165257216 bytes)
Jul 20 11:26:57 localhost zram-generator[1698]: LABEL=zram0, UUID=d5580e8e-a8fe-4eae-bdfd-15e93e6e4339
Jul 20 11:26:57 localhost systemd-makefs[1693]: /dev/zram0 successfully formatted as swap (label "zram0", uuid d5580e8e-a8fe-4eae-bdfd-15e93e6e4339)
Jul 20 11:26:57 localhost systemd[1]: Finished Create swap on /dev/zram0.
Jul 20 11:26:57 localhost systemd[1]: Activating swap Compressed Swap on /dev/zram0...
Jul 20 11:26:57 localhost kernel: Adding 7973884k swap on /dev/zram0.  Priority:100 extents:1 across:7973884k SSFS
Jul 20 11:26:57 localhost systemd[1]: Activated swap Compressed Swap on /dev/zram0.
Jul 20 11:26:57 localhost systemd[1]: Reached target Swaps.
Jul 20 11:26:57 localhost systemd[1]: Mounting Temporary Directory /tmp...
Jul 20 11:26:57 localhost systemd[1]: Mounted Temporary Directory /tmp.
Jul 20 11:26:58 localhost kernel: Free page reporting enabled
Jul 20 11:26:58 localhost kernel: input: PC Speaker as /devices/platform/pcspkr/input/input6
Jul 20 11:26:58 localhost kernel: piix4_smbus 0000:00:01.3: SMBus Host Controller at 0x700, revision 0
Jul 20 11:26:58 localhost systemd[1]: Finished Wait for udev To Complete Device Initialization.
Jul 20 11:26:58 localhost systemd[1]: Starting Device-Mapper Multipath Device Controller...
Jul 20 11:26:58 localhost multipathd[1756]: --------start up--------
Jul 20 11:26:58 localhost multipathd[1756]: read /etc/multipath.conf
Jul 20 11:26:58 localhost multipathd[1756]: path checkers start up
Jul 20 11:26:58 localhost systemd[1]: Started Device-Mapper Multipath Device Controller.
Jul 20 11:26:58 localhost systemd[1]: Reached target Preparation for Local File Systems.
Jul 20 11:26:58 localhost systemd[1]: Reached target Local File Systems.
Jul 20 11:26:58 localhost systemd[1]: Starting Import network configuration from initramfs...
Jul 20 11:26:58 localhost systemd[1]: Starting Rebuild Dynamic Linker Cache...
Jul 20 11:26:58 localhost systemd[1]: Starting Tell Plymouth To Write Out Runtime Data...
Jul 20 11:26:58 localhost systemd[1]: Mark the need to relabel after reboot was skipped because of an unmet condition check (ConditionSecurity=!selinux).
Jul 20 11:26:59 localhost systemd[1]: Set Up Additional Binary Formats was skipped because no trigger condition checks were met.
Jul 20 11:26:59 localhost systemd[1]: Store a System Token in an EFI Variable was skipped because of an unmet condition check (ConditionPathExists=/sys/firmware/efi/efivars/LoaderFeatures-4a67b082-0a4c-41cf-b6c7-440b29bb8c4f).
Jul 20 11:26:59 localhost systemd[1]: Starting Automatic Boot Loader Update...
Jul 20 11:26:59 localhost systemd[1]: Commit a transient machine-id on disk was skipped because of an unmet condition check (ConditionPathIsMountPoint=/etc/machine-id).
Jul 20 11:26:59 localhost bootctl[1769]: Couldn't find EFI system partition, skipping.
Jul 20 11:26:59 localhost systemd[1]: Finished Automatic Boot Loader Update.
Jul 20 11:26:59 localhost systemd[1]: Received SIGRTMIN+20 from PID 972 (plymouthd).
Jul 20 11:26:59 localhost systemd[1]: Finished Tell Plymouth To Write Out Runtime Data.
Jul 20 11:26:59 localhost systemd[1]: Finished Import network configuration from initramfs.
Jul 20 11:26:59 localhost systemd[1]: Starting Create Volatile Files and Directories...
Jul 20 11:26:59 localhost systemd[1]: Finished Create Volatile Files and Directories.
Jul 20 11:26:59 localhost systemd[1]: Starting Rebuild Journal Catalog...
Jul 20 11:26:59 localhost systemd[1]: Starting Record System Boot/Shutdown in UTMP...
Jul 20 11:26:59 localhost systemd[1]: Finished Record System Boot/Shutdown in UTMP.
Jul 20 11:26:59 localhost systemd[1]: Finished Rebuild Journal Catalog.
Jul 20 11:27:03 localhost systemd[1]: Finished Rebuild Dynamic Linker Cache.
Jul 20 11:27:03 localhost systemd[1]: Starting Update is Completed...
Jul 20 11:27:03 localhost systemd[1]: Finished Update is Completed.
Jul 20 11:27:03 localhost systemd[1]: Reached target System Initialization.
Jul 20 11:27:03 localhost systemd[1]: Started Daily Cleanup of Temporary Directories.
Jul 20 11:27:03 localhost systemd[1]: Reached target Timer Units.
Jul 20 11:27:03 localhost systemd[1]: Listening on D-Bus System Message Bus Socket.
Jul 20 11:27:03 localhost systemd[1]: Listening on Open-iSCSI iscsid Socket.
Jul 20 11:27:03 localhost systemd[1]: Listening on Open-iSCSI iscsiuio Socket.
Jul 20 11:27:03 localhost systemd[1]: Reached target Socket Units.
Jul 20 11:27:03 localhost systemd[1]: Starting D-Bus System Message Bus...
Jul 20 11:27:03 localhost systemd[1]: TPM2 PCR Barrier (Initialization) was skipped because of an unmet condition check (ConditionPathExists=/sys/firmware/efi/efivars/StubPcrKernelImage-4a67b082-0a4c-41cf-b6c7-440b29bb8c4f).
Jul 20 11:27:03 localhost systemd[1]: Started D-Bus System Message Bus.
Jul 20 11:27:03 localhost systemd[1]: Reached target Basic System.
Jul 20 11:27:03 localhost systemd[1]: Anaconda FIPS service was skipped because of an unmet condition check (ConditionKernelCommandLine=fips=1).
Jul 20 11:27:03 localhost systemd[1]: Starting Anaconda NetworkManager configuration...
Jul 20 11:27:03 localhost systemd[1]: NetworkManager autoconnections configuration for Anaconda installation environment was skipped because no trigger condition checks were met.
Jul 20 11:27:03 localhost systemd[1]: Starting pre-anaconda logging service...
Jul 20 11:27:03 localhost systemd[1]: Starting Restore /run/initramfs on shutdown...
Jul 20 11:27:03 localhost systemd[1]: anaconda performance monitor was skipped because of an unmet condition check (ConditionKernelCommandLine=debug).
Jul 20 11:27:03 localhost systemd[1]: Starting Hold until boot process finishes up...
Jul 20 11:27:03 localhost systemd[1]: Starting Terminate Plymouth Boot Screen...
Jul 20 11:27:03 localhost dbus-broker-lau[1789]: Ready
Jul 20 11:27:03 localhost systemd[1]: Starting OpenSSH ecdsa Server Key Generation...
Jul 20 11:27:03 localhost systemd[1]: Starting OpenSSH ed25519 Server Key Generation...
Jul 20 11:27:03 localhost systemd[1]: Starting OpenSSH rsa Server Key Generation...
Jul 20 11:27:03 localhost systemd[1]: Starting User Login Management...
Jul 20 11:27:03 localhost systemd[1]: TPM2 PCR Barrier (User) was skipped because of an unmet condition check (ConditionPathExists=/sys/firmware/efi/efivars/StubPcrKernelImage-4a67b082-0a4c-41cf-b6c7-440b29bb8c4f).
Jul 20 11:27:03 localhost systemd[1]: anaconda-nm-config.service: Deactivated successfully.
Jul 20 11:27:03 localhost systemd[1]: Finished Anaconda NetworkManager configuration.
Jul 20 11:27:03 localhost systemd[1]: anaconda-pre.service: Deactivated successfully.
Jul 20 11:27:03 localhost systemd[1]: Finished pre-anaconda logging service.
Jul 20 11:27:03 localhost systemd[1]: Finished Restore /run/initramfs on shutdown.
Jul 20 11:27:03 localhost systemd[1]: Finished Hold until boot process finishes up.
Jul 20 11:27:03 localhost systemd[1]: Finished Terminate Plymouth Boot Screen.
Jul 20 11:27:03 localhost systemd[1]: Received SIGRTMIN+21 from PID 972 (n/a).
Jul 20 11:27:03 localhost systemd[1]: Received SIGRTMIN+21 from PID 972 (n/a).
Jul 20 11:27:03 localhost systemd[1]: Starting Network Manager...
Jul 20 11:27:04 localhost systemd-logind[1805]: New seat seat0.
Jul 20 11:27:04 localhost systemd-logind[1805]: Watching system buttons on /dev/input/event0 (Power Button)
Jul 20 11:27:04 localhost systemd-logind[1805]: Watching system buttons on /dev/input/event1 (AT Translated Set 2 keyboard)
Jul 20 11:27:04 localhost systemd[1]: Started User Login Management.
Jul 20 11:27:04 localhost systemd[1]: sshd-keygen@ecdsa.service: Deactivated successfully.
Jul 20 11:27:04 localhost systemd[1]: Finished OpenSSH ecdsa Server Key Generation.
Jul 20 11:27:04 localhost systemd[1]: sshd-keygen@ed25519.service: Deactivated successfully.
Jul 20 11:27:04 localhost systemd[1]: Finished OpenSSH ed25519 Server Key Generation.
Jul 20 11:27:04 localhost NetworkManager[1811]: <debug> [1784546824.6706] monotonic timestamp started counting 1.975022429 seconds ago with an offset of 110.0 seconds to CLOCK_BOOTTIME (local time is 2026-07-20 11:27:04)
Jul 20 11:27:04 localhost NetworkManager[1811]: <info>  [1784546824.6708] NetworkManager (version 1.44.0-3.el9) is starting... (boot:90ee92bb-3898-4616-8390-0d0df7c90455)
Jul 20 11:27:04 localhost NetworkManager[1811]: <info>  [1784546824.6709] Read config: /etc/NetworkManager/NetworkManager.conf (run: 15-carrier-timeout.conf) (etc: 80-anaconda-no-ibft.conf, 91-anaconda-autoconnect-slaves.conf, 92-anaconda-loglevel-debug.conf)
Jul 20 11:27:04 localhost NetworkManager[1811]: <debug> [1784546824.6709] CONFIG: config-data[0x55628af81820]: 3 groups
Jul 20 11:27:04 localhost NetworkManager[1811]: <debug> [1784546824.6709] CONFIG: 
Jul 20 11:27:04 localhost NetworkManager[1811]: <debug> [1784546824.6709] CONFIG: [main]
Jul 20 11:27:04 localhost NetworkManager[1811]: <debug> [1784546824.6710] CONFIG:   plugins=no-ibft
Jul 20 11:27:04 localhost NetworkManager[1811]: <debug> [1784546824.6710] CONFIG:   configure-and-quit=no
Jul 20 11:27:04 localhost NetworkManager[1811]: <debug> [1784546824.6710] CONFIG: 
Jul 20 11:27:04 localhost NetworkManager[1811]: <debug> [1784546824.6710] CONFIG: [logging]
Jul 20 11:27:04 localhost NetworkManager[1811]: <debug> [1784546824.6711] CONFIG:   level=DEBUG
Jul 20 11:27:04 localhost NetworkManager[1811]: <debug> [1784546824.6711] CONFIG: 
Jul 20 11:27:04 localhost NetworkManager[1811]: <debug> [1784546824.6711] CONFIG: [connection]
Jul 20 11:27:04 localhost NetworkManager[1811]: <debug> [1784546824.6711] CONFIG:   connection.autoconnect-slaves=1
Jul 20 11:27:04 localhost NetworkManager[1811]: <debug> [1784546824.6711] CONFIG: 
Jul 20 11:27:04 localhost NetworkManager[1811]: <debug> [1784546824.6712] CONFIG: # no-auto-default file "/var/lib/NetworkManager/no-auto-default.state"
Jul 20 11:27:04 localhost NetworkManager[1811]: <debug> [1784546824.6712] config: state: missing state file "/var/lib/NetworkManager/NetworkManager.state": No such file or directory
Jul 20 11:27:04 localhost NetworkManager[1811]: <debug> [1784546824.6712] WEXT support is disabled
Jul 20 11:27:04 localhost NetworkManager[1811]: <debug> [1784546824.6822] create NMDBusManager singleton (420b252421c26364)
Jul 20 11:27:04 localhost NetworkManager[1811]: <debug> [1784546824.6911] bus-manager: D-Bus connection created and ObjectManager object registered
Jul 20 11:27:04 localhost NetworkManager[1811]: <debug> [1784546824.7018] netns[37ed425d8222553c]: new netns (net:8, mnt:9)
Jul 20 11:27:04 localhost NetworkManager[1811]: <debug> [1784546824.7277] platform-linux: create (ignore netns, initial netns, use udev, no tc-cache)
Jul 20 11:27:04 localhost NetworkManager[1811]: <debug> [1784546824.7281] platform-linux: genl: generic netlink socket for sync operations created: port=1811, fd=11
Jul 20 11:27:04 localhost NetworkManager[1811]: <debug> [1784546824.7281] platform-linux: genl: generic netlink socket created: port=2292423218, fd=12
Jul 20 11:27:04 localhost NetworkManager[1811]: <debug> [1784546824.7283] platform-linux: rtnl: rtnetlink socket created: port=1811, fd=13
Jul 20 11:27:04 localhost NetworkManager[1811]: <debug> [1784546824.7283] platform-linux: populate platform cache
Jul 20 11:27:04 localhost NetworkManager[1811]: <debug> [1784546824.7296] platform: (lo) signal: link   added: 1: lo <UP,LOWER_UP;loopback,up,running,lowerup> mtu 65536 arp 772 loopback? not-init addrgenmode eui64 addr 00:00:00:00:00:00 brd 00:00:00:00:00:00 driver unknown tx-queue-len 1000 gso-max-size 65536 gso-max-segs 65535 gro-max-size 65536 rx:6,416 tx:6,416
Jul 20 11:27:04 localhost NetworkManager[1811]: <debug> [1784546824.7304] platform: kernel-support for IFLA_PERM_ADDRESS (IFLA_PERM_ADDRESS netlink attribute) detected: supported
Jul 20 11:27:04 localhost NetworkManager[1811]: <debug> [1784546824.7307] platform: (ens18) signal: link   added: 2: ens18 <DOWN;broadcast,multicast> mtu 1500 arp 1 ethernet? not-init addrgenmode eui64 addr BC:24:11:9B:93:32 permaddr BC:24:11:9B:93:32 brd FF:FF:FF:FF:FF:FF driver virtio_net tx-queue-len 1000 gso-max-size 65536 gso-max-segs 65535 gro-max-size 65536 rx:0,0 tx:0,0
Jul 20 11:27:04 localhost NetworkManager[1811]: <debug> [1784546824.7310] platform: (lo) signal: address 4   added: 127.0.0.1/8 brd 0.0.0.0 lft forever pref forever lifetime 2-0[4294967295,4294967295] dev 1 flags permanent src kernel
Jul 20 11:27:04 localhost NetworkManager[1811]: <debug> [1784546824.7312] platform: (lo) signal: address 6   added: ::1/128 lft forever pref forever lifetime 2-0[4294967295,4294967295] dev 1 flags permanent src kernel
Jul 20 11:27:04 localhost NetworkManager[1811]: <debug> [1784546824.7316] platform: (lo) signal: route   4   added: type local table 255 127.0.0.0/8 dev 1 metric 0 mss 0 rt-src rt-kernel scope host pref-src 127.0.0.1
Jul 20 11:27:04 localhost NetworkManager[1811]: <debug> [1784546824.7318] platform: (lo) signal: route   4   added: type local table 255 127.0.0.1/32 dev 1 metric 0 mss 0 rt-src rt-kernel scope host pref-src 127.0.0.1
Jul 20 11:27:04 localhost NetworkManager[1811]: <debug> [1784546824.7321] platform: (lo) signal: route   6   added: type unicast ::1/128 dev 1 metric 256 mss 0 rt-src rt-kernel
Jul 20 11:27:04 localhost NetworkManager[1811]: <debug> [1784546824.7323] platform: (lo) signal: route   6   added: type local table 255 ::1/128 dev 1 metric 0 mss 0 rt-src rt-kernel
Jul 20 11:27:04 localhost NetworkManager[1811]: <debug> [1784546824.7325] platform: kernel-support for FRA_PROTOCOL (FRA_PROTOCOL attribute for policy routing rules) detected: supported
Jul 20 11:27:04 localhost NetworkManager[1811]: <debug> [1784546824.7327] platform: kernel-support for FRA_UID_RANGE (FRA_UID_RANGE attribute for policy routing rules) not detected: assume supported
Jul 20 11:27:04 localhost NetworkManager[1811]: <debug> [1784546824.7329] platform: kernel-support for FRA_L3MDEV (FRA_L3MDEV attribute for policy routing rules) not detected: assume supported
Jul 20 11:27:04 localhost NetworkManager[1811]: <debug> [1784546824.7331] platform: kernel-support for FRA_IP_PROTO (FRA_IP_PROTO, FRA_SPORT_RANGE, FRA_DPORT_RANGE attributes for policy routing rules) not detected: assume supported
Jul 20 11:27:04 localhost NetworkManager[1811]: <debug> [1784546824.7332] platform: signal: rt-rule   added: [4] 0: from all lookup 255 protocol 2
Jul 20 11:27:04 localhost NetworkManager[1811]: <debug> [1784546824.7335] platform: signal: rt-rule   added: [4] 32766: from all lookup 254 protocol 2
Jul 20 11:27:04 localhost NetworkManager[1811]: <debug> [1784546824.7337] platform: signal: rt-rule   added: [4] 32767: from all lookup 253 protocol 2
Jul 20 11:27:04 localhost NetworkManager[1811]: <debug> [1784546824.7340] platform-linux: genl:ctrl: new family-id for ethtool: 0x15
Jul 20 11:27:04 localhost NetworkManager[1811]: <debug> [1784546824.7342] platform-linux: genl:ctrl: new family-id for mptcp_pm: 0x1d
Jul 20 11:27:04 localhost NetworkManager[1811]: <debug> [1784546824.7344] platform: signal: rt-rule   added: [6] 0: from all lookup 255 protocol 2
Jul 20 11:27:04 localhost NetworkManager[1811]: <debug> [1784546824.7346] platform: signal: rt-rule   added: [6] 32766: from all lookup 254 protocol 2
Jul 20 11:27:04 localhost NetworkManager[1811]: <debug> [1784546824.7371] platform: (ens18) signal: link changed: 2: ens18 <DOWN;broadcast,multicast> mtu 1500 arp 1 ethernet? init addrgenmode eui64 addr BC:24:11:9B:93:32 permaddr BC:24:11:9B:93:32 brd FF:FF:FF:FF:FF:FF driver virtio_net tx-queue-len 1000 gso-max-size 65536 gso-max-segs 65535 gro-max-size 65536 rx:0,0 tx:0,0
Jul 20 11:27:04 localhost NetworkManager[1811]: <debug> [1784546824.7378] platform: (lo) signal: link changed: 1: lo <UP,LOWER_UP;loopback,up,running,lowerup> mtu 65536 arp 772 loopback? init addrgenmode eui64 addr 00:00:00:00:00:00 brd 00:00:00:00:00:00 driver unknown tx-queue-len 1000 gso-max-size 65536 gso-max-segs 65535 gro-max-size 65536 rx:6,416 tx:6,416
Jul 20 11:27:04 localhost NetworkManager[1811]: <debug> [1784546824.7380] setup NMPlatform singleton (9f5bcd92575f882e)
Jul 20 11:27:04 localhost NetworkManager[1811]: <debug> [1784546824.7382] global-tracker: track [6ac44ed808f6e91f,0] routing-rule "[4] 0: from all lookup 255 protocol 2"
Jul 20 11:27:04 localhost NetworkManager[1811]: <debug> [1784546824.7384] global-tracker: track [6ac44ed808f6e91f,0] routing-rule "[6] 0: from all lookup 255 protocol 2"
